Component: ARM Compiler 5.06 update 2 (build 183) Tool: armlink [4d35b7]

==============================================================================

Section Cross References

    my_asm.o(.text) refers to nrk.o(i._nrk_timer_tick) for _nrk_timer_tick
    my_asm.o(.text) refers to nrk.o(.data) for nrk_high_ready_TCB
    hal_wait.o(.ARM.exidx) refers to hal_wait.o(i._Z7halWaitt) for i._Z7halWaitt
    nrk_eeprom.o(.ARM.exidx) refers to nrk_eeprom.o(i._Z20nrk_eeprom_read_bytet) for i._Z20nrk_eeprom_read_bytet
    nrk_eeprom.o(.ARM.exidx) refers to nrk_eeprom.o(i._Z21nrk_eeprom_write_byteth) for i._Z21nrk_eeprom_write_byteth
    nrk_eeprom.o(.ARM.exidx) refers to nrk_eeprom.o(i._Z23read_eeprom_mac_addressPj) for i._Z23read_eeprom_mac_addressPj
    nrk_eeprom.o(.ARM.exidx) refers to nrk_eeprom.o(i._Z19read_eeprom_channelPh) for i._Z19read_eeprom_channelPh
    nrk_eeprom.o(.ARM.exidx) refers to nrk_eeprom.o(i._Z27write_eeprom_load_img_pagesPh) for i._Z27write_eeprom_load_img_pagesPh
    nrk_eeprom.o(.ARM.exidx) refers to nrk_eeprom.o(i._Z26read_eeprom_load_img_pagesPh) for i._Z26read_eeprom_load_img_pagesPh
    nrk_eeprom.o(.ARM.exidx) refers to nrk_eeprom.o(i._Z19read_eeprom_aes_keyPh) for i._Z19read_eeprom_aes_keyPh
    nrk_eeprom.o(.ARM.exidx) refers to nrk_eeprom.o(i._Z20write_eeprom_aes_keyPh) for i._Z20write_eeprom_aes_keyPh
    nrk_eeprom.o(.ARM.exidx) refers to nrk_eeprom.o(i._Z34read_eeprom_current_image_checksumPh) for i._Z34read_eeprom_current_image_checksumPh
    nrk_eeprom.o(.ARM.exidx) refers to nrk_eeprom.o(i._Z35write_eeprom_current_image_checksumPh) for i._Z35write_eeprom_current_image_checksumPh
    ulib.o(i._Z11GPIO_SetDirhjh) refers to ulib.o(i._Z15GPIO_GetPointerh) for GPIO_GetPointer(unsigned char)
    ulib.o(i._Z11GPIO_Togglehj) refers to ulib.o(i._Z15GPIO_GetPointerh) for GPIO_GetPointer(unsigned char)
    ulib.o(i._Z11nrk_led_clri) refers to ulib.o(i._Z12nrk_gpio_clrj) for nrk_gpio_clr(unsigned)
    ulib.o(i._Z11nrk_led_seti) refers to ulib.o(i._Z12nrk_gpio_setj) for nrk_gpio_set(unsigned)
    ulib.o(i._Z11setup_uart2t) refers to ulib.o(i._Z21UART_ConfigStructInitP13UART_CFG_Type) for UART_ConfigStructInit(UART_CFG_Type*)
    ulib.o(i._Z11setup_uart2t) refers to ulib.o(i._Z9UART_InitP16LPC_UART_TypeDefP13UART_CFG_Type) for UART_Init(LPC_UART_TypeDef*, UART_CFG_Type*)
    ulib.o(i._Z11setup_uart3j) refers to ulib.o(i._Z21UART_ConfigStructInitP13UART_CFG_Type) for UART_ConfigStructInit(UART_CFG_Type*)
    ulib.o(i._Z11setup_uart3j) refers to ulib.o(i._Z9UART_InitP16LPC_UART_TypeDefP13UART_CFG_Type) for UART_Init(LPC_UART_TypeDef*, UART_CFG_Type*)
    ulib.o(i._Z12nrk_gpio_clrj) refers to ulib.o(i._Z15GPIO_ClearValuehj) for GPIO_ClearValue(unsigned char, unsigned)
    ulib.o(i._Z12nrk_gpio_geth) refers to ulib.o(i._Z14GPIO_ReadValueh) for GPIO_ReadValue(unsigned char)
    ulib.o(i._Z12nrk_gpio_setj) refers to ulib.o(i._Z13GPIO_SetValuehj) for GPIO_SetValue(unsigned char, unsigned)
    ulib.o(i._Z12setupSPIPinsv) refers to ulib.o(i._Z16PINSEL_ConfigPinP15PINSEL_CFG_Type) for PINSEL_ConfigPin(PINSEL_CFG_Type*)
    ulib.o(i._Z13GPIO_SetValuehj) refers to ulib.o(i._Z15GPIO_GetPointerh) for GPIO_GetPointer(unsigned char)
    ulib.o(i._Z14CLKPWR_GetPCLKj) refers to ulib.o(i._Z17CLKPWR_GetPCLKSELj) for CLKPWR_GetPCLKSEL(unsigned)
    ulib.o(i._Z14CLKPWR_GetPCLKj) refers to system_LPC17xx.o(.data) for SystemCoreClock
    ulib.o(i._Z14GPIO_ReadValueh) refers to ulib.o(i._Z15GPIO_GetPointerh) for GPIO_GetPointer(unsigned char)
    ulib.o(i._Z14nrk_led_togglei) refers to ulib.o(i._Z15nrk_gpio_togglej) for nrk_gpio_toggle(unsigned)
    ulib.o(i._Z14nrk_setup_uartj) refers to ulib.o(i._Z11setup_uart3j) for setup_uart3(unsigned)
    ulib.o(i._Z14setup_uartPinsv) refers to ulib.o(i._Z16PINSEL_ConfigPinP15PINSEL_CFG_Type) for PINSEL_ConfigPin(PINSEL_CFG_Type*)
    ulib.o(i._Z15GPIO_ClearValuehj) refers to ulib.o(i._Z15GPIO_GetPointerh) for GPIO_GetPointer(unsigned char)
    ulib.o(i._Z15nrk_gpio_togglej) refers to ulib.o(i._Z11GPIO_Togglehj) for GPIO_Toggle(unsigned char, unsigned)
    ulib.o(i._Z15nrk_setup_portsv) refers to ulib.o(i._Z9PORT_INITv) for PORT_INIT()
    ulib.o(i._Z16PINSEL_ConfigPinP15PINSEL_CFG_Type) refers to ulib.o(i._Z11set_PinFunchhh) for set_PinFunc(unsigned char, unsigned char, unsigned char)
    ulib.o(i._Z16PINSEL_ConfigPinP15PINSEL_CFG_Type) refers to ulib.o(i._Z16set_ResistorModehhh) for set_ResistorMode(unsigned char, unsigned char, unsigned char)
    ulib.o(i._Z16PINSEL_ConfigPinP15PINSEL_CFG_Type) refers to ulib.o(i._Z17set_OpenDrainModehhh) for set_OpenDrainMode(unsigned char, unsigned char, unsigned char)
    ulib.o(i._Z17uart_set_divisorsP16LPC_UART_TypeDefj) refers to ulib.o(i._Z14CLKPWR_GetPCLKj) for CLKPWR_GetPCLK(unsigned)
    ulib.o(i._Z17uart_set_divisorsP16LPC_UART_TypeDefj) refers to lludivv7m.o(.text) for __aeabi_uldivmod
    ulib.o(i._Z18nrk_gpio_directionjh) refers to ulib.o(i._Z11GPIO_SetDirhjh) for GPIO_SetDir(unsigned char, unsigned, unsigned char)
[...]
    _sys_write                               0x00006ba1   Thumb Code    76  stdio.cpp.lpc1768.arm.o(i._sys_write)
    exit                                     0x00006bf5   Thumb Code    22  exit.c.lpc1768.arm.o(i.exit)
    fputc                                    0x00006c0b   Thumb Code    26  fputc.o(i.fputc)
    frexp                                    0x00006c25   Thumb Code    80  frexp.o(i.frexp)
    gpio_output                              0x00006c7d   Thumb Code    48  gpio_api.c.lpc1768.arm.o(i.gpio_output)
    gpio_write                               0x00006cad   Thumb Code    24  gpio_api.c.lpc1768.arm.o(i.gpio_write)
    ldexp                                    0x00006cc5   Thumb Code   116  ldexp.o(i.ldexp)
    main                                     0x00006d39   Thumb Code    26  main.o(i.main)
    mbed_die                                 0x00006d55   Thumb Code   114  utils_api.c.lpc1768.arm.o(i.mbed_die)
    pin_function                             0x00006dcd   Thumb Code    52  pinmap.c.lpc1768.arm.o(i.pin_function)
    pin_mode                                 0x00006e05   Thumb Code    52  pinmap.c.lpc1768.arm.o(i.pin_mode)
    pinmap_merge                             0x00006e3d   Thumb Code    36  pinmap.c.lpc1768.arm.o(i.pinmap_merge)
    pinmap_peripheral                        0x00006e79   Thumb Code    50  pinmap.c.lpc1768.arm.o(i.pinmap_peripheral)
    pinmap_pinout                            0x00006ed1   Thumb Code   134  pinmap.c.lpc1768.arm.o(i.pinmap_pinout)
    scalbnf                                  0x00006f75   Thumb Code    84  scalbnf.o(i.scalbnf)
    semihost_exit                            0x00006fc9   Thumb Code    12  semihost_api.c.lpc1768.arm.o(i.semihost_exit)
    serial_baud                              0x00006fd5   Thumb Code   218  serial_api.c.lpc1768.arm.o(i.serial_baud)
    serial_format                            0x000070d5   Thumb Code   132  serial_api.c.lpc1768.arm.o(i.serial_format)
    serial_init                              0x00007169   Thumb Code   178  serial_api.c.lpc1768.arm.o(i.serial_init)
    serial_putc                              0x0000724d   Thumb Code    12  serial_api.c.lpc1768.arm.o(i.serial_putc)
    timer_frequency                          0x00007259   Thumb Code    16  timer_api.c.lpc1768.arm.o(i.timer_frequency)
    timer_init                               0x0000726d   Thumb Code   100  timer_api.c.lpc1768.arm.o(i.timer_init)
    timer_read                               0x000072dd   Thumb Code     4  timer_api.c.lpc1768.arm.o(i.timer_read)
    timer_start                              0x000072e1   Thumb Code    12  timer_api.c.lpc1768.arm.o(i.timer_start)
    us_ticker_read                           0x000072ed   Thumb Code    44  us_ticker_api.c.lpc1768.arm.o(i.us_ticker_read)
    wait_ms                                  0x00007325   Thumb Code    28  wait_api.c.lpc1768.arm.o(i.wait_ms)
    wait_us                                  0x00007341   Thumb Code    22  wait_api.c.lpc1768.arm.o(i.wait_us)
    _get_lc_ctype                            0x00007359   Thumb Code    44  lc_ctype_c.o(locale$$code)
    _get_lc_numeric                          0x00007385   Thumb Code    44  lc_numeric_c.o(locale$$code)
    void rprint_task<(int)3>()               0x000073b1   Thumb Code    36  main.o(t._Z11rprint_taskILi3EEvv)
    __rw::__rw_locale_vector<__rw::__rw_cat*>::~__rw_locale_vector() 0x000073e5   Thumb Code    14  rwcats.o(t._ZN4__rw18__rw_locale_vectorIPNS_8__rw_catEED1Ev)
    __rw::__rw_locale_vector<__rw::__rw_cat*>::~__rw_locale_vector__sub_object() 0x000073e5   Thumb Code     0  rwcats.o(t._ZN4__rw18__rw_locale_vectorIPNS_8__rw_catEED1Ev)
    std::vector<relay_msg, std::allocator<relay_msg>>::~vector() 0x000073f3   Thumb Code    38  main.o(t._ZNSt6vectorI9relay_msgSaIS0_EED1Ev)
    std::vector<relay_msg, std::allocator<relay_msg>>::~vector__sub_object() 0x000073f3   Thumb Code     0  main.o(t._ZNSt6vectorI9relay_msgSaIS0_EED1Ev)
    __aeabi_d2f                              0x00007419   Thumb Code     0  d2f.o(x$fpl$d2f)
    _d2f                                     0x00007419   Thumb Code    98  d2f.o(x$fpl$d2f)
    __fpl_dcheck_NaN1                        0x0000747d   Thumb Code    10  dcheck1.o(x$fpl$dcheck1)
    __fpl_dcmp_Inf                           0x0000748d   Thumb Code    24  dcmpi.o(x$fpl$dcmpinf)
    __aeabi_cdcmpeq                          0x000074a5   Thumb Code     0  deqf.o(x$fpl$deqf)
    _dcmpeq                                  0x000074a5   Thumb Code   120  deqf.o(x$fpl$deqf)
    __aeabi_cdcmple                          0x0000751d   Thumb Code     0  dleqf.o(x$fpl$dleqf)
    _dcmple                                  0x0000751d   Thumb Code   120  dleqf.o(x$fpl$dleqf)
    __fpl_dcmple_InfNaN                      0x0000757f   Thumb Code     0  dleqf.o(x$fpl$dleqf)
    __fpl_dnaninf                            0x00007595   Thumb Code   156  dnaninf.o(x$fpl$dnaninf)
    __aeabi_cdrcmple                         0x00007631   Thumb Code     0  drleqf.o(x$fpl$drleqf)
    _drcmple                                 0x00007631   Thumb Code   108  drleqf.o(x$fpl$drleqf)
    __aeabi_fadd                             0x0000769d   Thumb Code     0  faddsub_clz.o(x$fpl$fadd)
    _fadd                                    0x0000769d   Thumb Code   196  faddsub_clz.o(x$fpl$fadd)
    __fpl_fcheck_NaN1                        0x00007761   Thumb Code     6  fcheck1.o(x$fpl$fcheck1)
    __aeabi_fdiv                             0x0000776d   Thumb Code     0  fdiv.o(x$fpl$fdiv)
    _fdiv                                    0x0000776d   Thumb Code   384  fdiv.o(x$fpl$fdiv)
    __aeabi_f2iz                             0x000078f1   Thumb Code     0  ffix.o(x$fpl$ffix)
    _ffix                                    0x000078f1   Thumb Code    54  ffix.o(x$fpl$ffix)
    __aeabi_i2f                              0x00007929   Thumb Code     0  fflt_clz.o(x$fpl$fflt)
    _fflt                                    0x00007929   Thumb Code    48  fflt_clz.o(x$fpl$fflt)
    __aeabi_ui2f                             0x00007959   Thumb Code     0  fflt_clz.o(x$fpl$ffltu)
    _ffltu                                   0x00007959   Thumb Code    38  fflt_clz.o(x$fpl$ffltu)
    __aeabi_fmul                             0x00007981   Thumb Code     0  fmul.o(x$fpl$fmul)
    _fmul                                    0x00007981   Thumb Code   258  fmul.o(x$fpl$fmul)
    __fpl_fnaninf                            0x00007a83   Thumb Code   140  fnaninf.o(x$fpl$fnaninf)
    __fpl_fretinf                            0x00007b0f   Thumb Code    10  fretinf.o(x$fpl$fretinf)
    __aeabi_fsub                             0x00007b19   Thumb Code     0  faddsub_clz.o(x$fpl$fsub)
    _fsub                                    0x00007b19   Thumb Code   234  faddsub_clz.o(x$fpl$fsub)
    _printf_fp_dec                           0x00007c03   Thumb Code     4  printf1.o(x$fpl$printf1)
    _printf_fp_hex                           0x00007c07   Thumb Code     4  printf2.o(x$fpl$printf2)
    __fpl_return_NaN                         0x00007c0b   Thumb Code   100  retnan.o(x$fpl$retnan)
    __ARM_scalbn                             0x00007c6f   Thumb Code    92  scalbn.o(x$fpl$scalbn)
    __ARM_scalbnf                            0x00007ccb   Thumb Code    76  scalbnf.o(x$fpl$scalbnf)
    _scanf_real                              0x00007d17   Thumb Code     4  scanf1.o(x$fpl$scanf1)
    _scanf_hex_real                          0x00007d1b   Thumb Code     4  scanf2.o(x$fpl$scanf2)
    _scanf_infnan                            0x00007d1f   Thumb Code     4  scanf2.o(x$fpl$scanf2)
    __fpl_cmpreturn                          0x00007d23   Thumb Code    48  trapv.o(x$fpl$trapveneer)
    __I$use$fp                               0x00007d52   Number         0  usenofp.o(x$fpl$usenofp)
    mbed::Base::_base_funcs                  0x00007ea8   Data          24  Base.cpp.lpc1768.arm.o(.constdata)
    __stdin_name                             0x00007ec0   Data           7  stdio.cpp.lpc1768.arm.o(.constdata)
    __stdout_name                            0x00007ec7   Data           8  stdio.cpp.lpc1768.arm.o(.constdata)
    __stderr_name                            0x00007ecf   Data           8  stdio.cpp.lpc1768.arm.o(.constdata)
    typeinfo for __cxxabiv1::__class_type_info 0x00007fd4   Data          12  lib_rtti_impl.o(.constdata__ZTIN10__cxxabiv117__class_type_infoE)
    typeinfo for __cxxabiv1::__si_class_type_info 0x00007fe0   Data          12  lib_rtti_impl.o(.constdata__ZTIN10__cxxabiv120__si_class_type_infoE)
    typeinfo for __cxxabiv1::__vmi_class_type_info 0x00007fec   Data          12  lib_rtti_impl.o(.constdata__ZTIN10__cxxabiv121__vmi_class_type_infoE)
    typeinfo for mbed::FileHandle            0x00007ff8   Data           8  stdio.cpp.lpc1768.arm.o(.constdata__ZTIN4mbed10FileHandleE)
    typeinfo for mbed::FileSystemLike        0x00008000   Data          12  Base.cpp.lpc1768.arm.o(.constdata__ZTIN4mbed14FileSystemLikeE)
    typeinfo for mbed::Base                  0x0000800c   Data           8  Base.cpp.lpc1768.arm.o(.constdata__ZTIN4mbed4BaseE)
    typeinfo for mbed::Serial                0x00008014   Data          12  Serial.cpp.lpc1768.arm.o(.constdata__ZTIN4mbed6SerialE)
    typeinfo for mbed::Stream                0x00008020   Data          12  Stream.cpp.lpc1768.arm.o(.constdata__ZTIN4mbed6StreamE)
    typeinfo for mbed::FileLike              0x0000802c   Data          32  stdio.cpp.lpc1768.arm.o(.constdata__ZTIN4mbed8FileLikeE)
    typeinfo for std::type_info              0x0000804c   Data           8  type_info_dtor.o(.constdata__ZTISt9type_info)
    typeinfo name for __cxxabiv1::__class_type_info 0x00008054   Data          34  lib_rtti_impl.o(.constdata__ZTSN10__cxxabiv117__class_type_infoE)
    typeinfo name for __cxxabiv1::__si_class_type_info 0x00008076   Data          37  lib_rtti_impl.o(.constdata__ZTSN10__cxxabiv120__si_class_type_infoE)
    typeinfo name for __cxxabiv1::__vmi_class_type_info 0x0000809b   Data          38  lib_rtti_impl.o(.constdata__ZTSN10__cxxabiv121__vmi_class_type_infoE)
    typeinfo name for mbed::FileHandle       0x000080c1   Data          20  stdio.cpp.lpc1768.arm.o(.constdata__ZTSN4mbed10FileHandleE)
    typeinfo name for mbed::FileSystemLike   0x000080d5   Data          24  Base.cpp.lpc1768.arm.o(.constdata__ZTSN4mbed14FileSystemLikeE)
    typeinfo name for mbed::Base             0x000080ed   Data          13  Base.cpp.lpc1768.arm.o(.constdata__ZTSN4mbed4BaseE)
    typeinfo name for mbed::Serial           0x000080fa   Data          15  Serial.cpp.lpc1768.arm.o(.constdata__ZTSN4mbed6SerialE)
    typeinfo name for mbed::Stream           0x00008109   Data          15  Stream.cpp.lpc1768.arm.o(.constdata__ZTSN4mbed6StreamE)
    typeinfo name for mbed::FileLike         0x00008118   Data          17  stdio.cpp.lpc1768.arm.o(.constdata__ZTSN4mbed8FileLikeE)
    typeinfo name for std::type_info         0x00008129   Data          13  type_info_dtor.o(.constdata__ZTSSt9type_info)
    vtable for __cxxabiv1::__class_type_info 0x00008138   Data          16  lib_rtti_impl.o(.constdata__ZTVN10__cxxabiv117__class_type_infoE)
    vtable for __cxxabiv1::__si_class_type_info 0x00008148   Data          16  lib_rtti_impl.o(.constdata__ZTVN10__cxxabiv120__si_class_type_infoE)
    vtable for __cxxabiv1::__vmi_class_type_info 0x00008158   Data          16  lib_rtti_impl.o(.constdata__ZTVN10__cxxabiv121__vmi_class_type_infoE)
    vtable for mbed::Base                    0x00008168   Data          24  Base.cpp.lpc1768.arm.o(.constdata__ZTVN4mbed4BaseE)
    vtable for mbed::Serial                  0x00008180   Data          96  Serial.cpp.lpc1768.arm.o(.constdata__ZTVN4mbed6SerialE)
    vtable for mbed::Stream                  0x000081e0   Data          96  Stream.cpp.lpc1768.arm.o(.constdata__ZTVN4mbed6StreamE)
    vtable for mbed::FileLike                0x00008240   Data          60  stdio.cpp.lpc1768.arm.o(.constdata__ZTVN4mbed8FileLikeE)
    void rprint_task<(int)3>()::string       0x0000827c   Data          20  main.o(.constdata__ZZ11rprint_taskILi3EEvvEs)
    void rprint_task<(int)3>()::string (instance 2) 0x00008290   Data          33  main.o(.constdata__ZZ11rprint_taskILi3EEvvEs_0)
    Region$$Table$$Base                      0x000082c4   Number         0  anon$$obj.o(Region$$Table)
    Region$$Table$$Limit                     0x000082e4   Number         0  anon$$obj.o(Region$$Table)
    __aeabi_HUGE_VAL                         0x000082e4   Data           0  fpconst.o(c$$dinf)
    __aeabi_HUGE_VALL                        0x000082e4   Data           0  fpconst.o(c$$dinf)
    __aeabi_INFINITY                         0x000082e4   Data           0  fpconst.o(c$$dinf)
    __dInf                                   0x000082e4   Data           0  fpconst.o(c$$dinf)
    __huge_val                               0x000082e4   Data           0  fpconst.o(c$$dinf)
    __ctype                                  0x000082f9   Data           0  lc_ctype_c.o(locale$$data)
    SHT$$INIT_ARRAY$$Base                    0x00008418   Number         0  main.o(.init_array)
    SHT$$INIT_ARRAY$$Limit                   0x00008428   Number         0  rwcats.o(.init_array)
    _nrk_prev_timer_val                      0x100000c4   Data           1  nrk_timer.o(.data)
    _nrk_time_trigger                        0x100000c5   Data           1  nrk_timer.o(.data)
    nrk_kernel_stk_ptr                       0x100000c8   Data           4  nrk.o(.data)
    nrk_wakeup_signal                        0x100000cc   Data           1  nrk.o(.data)
    nrk_cur_task_prio                        0x100000d0   Data           1  nrk.o(.data)
    nrk_high_ready_prio                      0x100000d1   Data           1  nrk.o(.data)
    nrk_task_init_cnt                        0x100000d2   Data           1  nrk.o(.data)
    _free_node                               0x100000d4   Data           4  nrk.o(.data)
    _head_node                               0x100000d8   Data           4  nrk.o(.data)
    nrk_cur_task_TCB                         0x100000dc   Data           4  nrk.o(.data)
    nrk_high_ready_TCB                       0x100000e0   Data           4  nrk.o(.data)
    nrk_system_time                          0x100000e4   Data           8  nrk.o(.data)
    error_task                               0x100000ec   Data           1  nrk_error.o(.data)
    error_num                                0x100000ed   Data           1  nrk_error.o(.data)
    _nrk_signal_list                         0x100000f0   Data           4  nrk_events.o(.data)
    _nrk_cpu_state                           0x100000f4   Data           1  nrk_scheduler.o(.data)
    task_addr                                0x100000f8   Data           4  nrk_scheduler.o(.data)
    myAddr                                   0x100000fc   Data           2  mrf24j40.o(.data)
    myPanid                                  0x100000fe   Data           2  mrf24j40.o(.data)
    rx_ready                                 0x10000100   Data           1  basic_rf.o(.data)
    auto_ack_enable                          0x10000101   Data           1  basic_rf.o(.data)
    security_enable                          0x10000102   Data           1  basic_rf.o(.data)
    rx_data_ready                            0x10000103   Data           1  basic_rf.o(.data)
    tx_status_ready                          0x10000104   Data           1  basic_rf.o(.data)
    rssi_cca_thold                           0x10000105   Data           1  basic_rf.o(.data)
    bmac_rx_pkt_signal                       0x10000108   Data           1  bmac.o(.data)
    bmac_tx_pkt_done_signal                  0x10000109   Data           1  bmac.o(.data)
    bmac_enable_signal                       0x1000010a   Data           1  bmac.o(.data)
    ctr_cnt                                  0x10000128   Data           4  main.o(.data)
    SystemCoreClock                          0x1000012c   Data           4  system_LPC17xx.o(.data)
    mbed::Base::_head                        0x10000134   Data           4  Base.cpp.lpc1768.arm.o(.data)
    mbed::Base::_classes                     0x10000138   Data           4  Base.cpp.lpc1768.arm.o(.data)
    mbed::Base::_base_class                  0x1000013c   Data          12  Base.cpp.lpc1768.arm.o(.data)
    __aeabi_stdin                            0x10000148   Data           4  stdio_streams.o(.data)
    __aeabi_stdout                           0x1000014c   Data           4  stdio_streams.o(.data)
    __aeabi_stderr                           0x10000150   Data           4  stdio_streams.o(.data)
    std::ctype<char>::id                     0x10000154   Data           4  char.o(.data)
    std::ctype<wchar_t>::id                  0x10000158   Data           4  char.o(.data)
    std::locale::_C_classic                  0x10000164   Data           4  locale.o(.data)
    std::locale::_C_native                   0x10000168   Data           4  locale.o(.data)
    std::locale::_C_global                   0x1000016c   Data           4  locale.o(.data)
    std::codecvt<char, char, std::__mbstate_t>::id 0x10000170   Data           4  locale.o(.data)
    std::codecvt<wchar_t, char, std::__mbstate_t>::id 0x10000174   Data           4  locale.o(.data)
    nrk_kernel_stk                           0x10000184   Data         128  nrk.o(.bss)
    nrk_idle_task_stk                        0x10000204   Data         128  nrk.o(.bss)
    nrk_task_TCB                             0x10000284   Data         440  nrk.o(.bss)
    _nrk_readyQ                              0x1000043c   Data         132  nrk.o(.bss)
    rfSettings                               0x100004c0   Data          12  basic_rf.o(.bss)
    bmac_rfRxInfo                            0x100005f8   Data          16  bmac.o(.bss)
    bmac_rfTxInfo                            0x10000608   Data          12  bmac.o(.bss)
    RX_TASK                                  0x10000614   Data          44  main.o(.bss)
    rx_task_stack                            0x10000640   Data         512  main.o(.bss)
    TX_TASK                                  0x10000840   Data          44  main.o(.bss)
    tx_task_stack                            0x1000086c   Data         512  main.o(.bss)
    RPRINT_TASK                              0x10000a6c   Data          44  main.o(.bss)
    rprint_task_stack                        0x10000a98   Data         512  main.o(.bss)
    tx_buf                                   0x10000c98   Data         115  main.o(.bss)
    rx_buf                                   0x10000d0b   Data         115  main.o(.bss)
    relay_msg_buf                            0x10000d80   Data          12  main.o(.bss)
    pc                                       0x10000d8c   Data          56  main.o(.bss)
    __stdin                                  0x10000e04   Data          84  stdio_streams.o(.bss)
    __stdout                                 0x10000e58   Data          84  stdio_streams.o(.bss)
    __stderr                                 0x10000eac   Data          84  stdio_streams.o(.bss)
    _random_number_data                      0x10000f00   Data         228  rand.o(.bss)
    Image$$RW_IRAM1$$ZI$$Limit               0x1000100c   Number         0  anon$$obj.o ABSOLUTE



==============================================================================

Memory Map of the image

  Image Entry point : 0x000000c5

  Load Region LR_IROM1 (Base: 0x00000000, Size: 0x000085ac, Max: 0x00080000, ABSOLUTE, COMPRESSED[0x0000843c])

    Execution Region ER_IROM1 (Base: 0x00000000, Size: 0x00008428, Max: 0x00080000, ABSOLUTE)

    Base Addr    Size         Type   Attr      Idx    E Section Name        Object

    0x00000000   0x000000c4   Data   RO         2756    RESET               startup_LPC17xx.o
    0x000000c4   0x00000008   Code   RO         3375  * !!!main             c_w.l(__main.o)
    0x000000cc   0x00000034   Code   RO         5241    !!!scatter          c_w.l(__scatter.o)
    0x00000100   0x0000003a   Code   RO         5239    !!dczerorl          c_w.l(__dczerorl.o)
    0x0000013a   0x00000002   PAD
    0x0000013c   0x0000001c   Code   RO         5243    !!handler_zi        c_w.l(__scatter_zi.o)
    0x00000158   0x00000000   Code   RO         3304    .ARM.Collect$$_printf_percent$$00000000  c_w.l(_printf_percent.o)
    0x00000158   0x00000006   Code   RO         3847    .ARM.Collect$$_printf_percent$$00000001  c_w.l(_printf_n.o)
    0x0000015e   0x00000006   Code   RO         3848    .ARM.Collect$$_printf_percent$$00000002  c_w.l(_printf_p.o)
    0x00000164   0x00000006   Code   RO         3852    .ARM.Collect$$_printf_percent$$00000003  c_w.l(_printf_f.o)
    0x0000016a   0x00000006   Code   RO         3853    .ARM.Collect$$_printf_percent$$00000004  c_w.l(_printf_e.o)
    0x00000170   0x00000006   Code   RO         3854    .ARM.Collect$$_printf_percent$$00000005  c_w.l(_printf_g.o)
    0x00000176   0x00000006   Code   RO         3855    .ARM.Collect$$_printf_percent$$00000006  c_w.l(_printf_a.o)
    0x0000017c   0x0000000a   Code   RO         3860    .ARM.Collect$$_printf_percent$$00000007  c_w.l(_printf_ll.o)
    0x00000186   0x00000006   Code   RO         3850    .ARM.Collect$$_printf_percent$$00000008  c_w.l(_printf_i.o)
    0x0000018c   0x00000006   Code   RO         3303    .ARM.Collect$$_printf_percent$$00000009  c_w.l(_printf_d.o)
    0x00000192   0x00000006   Code   RO         3851    .ARM.Collect$$_printf_percent$$0000000A  c_w.l(_printf_u.o)
    0x00000198   0x00000006   Code   RO         3849    .ARM.Collect$$_printf_percent$$0000000B  c_w.l(_printf_o.o)
    0x0000019e   0x00000006   Code   RO         3302    .ARM.Collect$$_printf_percent$$0000000C  c_w.l(_printf_x.o)
    0x000001a4   0x00000006   Code   RO         3857    .ARM.Collect$$_printf_percent$$0000000D  c_w.l(_printf_lli.o)
    0x000001aa   0x00000006   Code   RO         3858    .ARM.Collect$$_printf_percent$$0000000E  c_w.l(_printf_lld.o)
    0x000001b0   0x00000006   Code   RO         3859    .ARM.Collect$$_printf_percent$$0000000F  c_w.l(_printf_llu.o)
    0x000001b6   0x00000006   Code   RO         3864    .ARM.Collect$$_printf_percent$$00000010  c_w.l(_printf_llo.o)
    0x000001bc   0x00000006   Code   RO         3865    .ARM.Collect$$_printf_percent$$00000011  c_w.l(_printf_llx.o)
    0x000001c2   0x0000000a   Code   RO         3861    .ARM.Collect$$_printf_percent$$00000012  c_w.l(_printf_l.o)
    0x000001cc   0x00000006   Code   RO         3845    .ARM.Collect$$_printf_percent$$00000013  c_w.l(_printf_c.o)
    0x000001d2   0x00000006   Code   RO         3846    .ARM.Collect$$_printf_percent$$00000014  c_w.l(_printf_s.o)
    0x000001d8   0x00000006   Code   RO         3862    .ARM.Collect$$_printf_percent$$00000015  c_w.l(_printf_lc.o)
    0x000001de   0x00000006   Code   RO         3863    .ARM.Collect$$_printf_percent$$00000016  c_w.l(_printf_ls.o)
    0x000001e4   0x00000004   Code   RO         3856    .ARM.Collect$$_printf_percent$$00000017  c_w.l(_printf_percent_end.o)
    0x000001e8   0x00000002   Code   RO         4975    .ARM.Collect$$libinit$$00000000  c_w.l(libinit.o)
    0x000001ea   0x00000000   Code   RO         3921    .ARM.Collect$$libinit$$00000002  c_w.l(libinit2.o)
    0x000001ea   0x00000000   Code   RO         3923    .ARM.Collect$$libinit$$00000004  c_w.l(libinit2.o)
    0x000001ea   0x00000008   Code   RO         3924    .ARM.Collect$$libinit$$00000005  c_w.l(libinit2.o)
    0x000001f2   0x00000000   Code   RO         3926    .ARM.Collect$$libinit$$0000000A  c_w.l(libinit2.o)
    0x000001f2   0x00000000   Code   RO         3928    .ARM.Collect$$libinit$$0000000C  c_w.l(libinit2.o)
    0x000001f2   0x00000004   Code   RO         3929    .ARM.Collect$$libinit$$0000000D  c_w.l(libinit2.o)
    0x000001f6   0x00000000   Code   RO         3930    .ARM.Collect$$libinit$$0000000E  c_w.l(libinit2.o)
    0x000001f6   0x00000006   Code   RO         3931    .ARM.Collect$$libinit$$0000000F  c_w.l(libinit2.o)
    0x000001fc   0x00000000   Code   RO         3933    .ARM.Collect$$libinit$$00000011  c_w.l(libinit2.o)
    0x000001fc   0x0000000c   Code   RO         3934    .ARM.Collect$$libinit$$00000012  c_w.l(libinit2.o)
    0x00000208   0x00000000   Code   RO         3935    .ARM.Collect$$libinit$$00000013  c_w.l(libinit2.o)
    0x00000208   0x00000000   Code   RO         3937    .ARM.Collect$$libinit$$00000015  c_w.l(libinit2.o)
    0x00000208   0x0000000a   Code   RO         3938    .ARM.Collect$$libinit$$00000016  c_w.l(libinit2.o)
    0x00000212   0x00000000   Code   RO         3939    .ARM.Collect$$libinit$$00000017  c_w.l(libinit2.o)
    0x00000212   0x00000000   Code   RO         3941    .ARM.Collect$$libinit$$00000019  c_w.l(libinit2.o)
    0x00000212   0x00000000   Code   RO         3943    .ARM.Collect$$libinit$$0000001B  c_w.l(libinit2.o)
    0x00000212   0x00000000   Code   RO         3945    .ARM.Collect$$libinit$$0000001D  c_w.l(libinit2.o)
    0x00000212   0x00000000   Code   RO         3947    .ARM.Collect$$libinit$$0000001F  c_w.l(libinit2.o)
    0x00000212   0x00000000   Code   RO         3949    .ARM.Collect$$libinit$$00000021  c_w.l(libinit2.o)
    0x00000212   0x00000000   Code   RO         3951    .ARM.Collect$$libinit$$00000023  c_w.l(libinit2.o)
    0x00000212   0x00000004   Code   RO         3952    .ARM.Collect$$libinit$$00000024  c_w.l(libinit2.o)
    0x00000216   0x00000000   Code   RO         3953    .ARM.Collect$$libinit$$00000025  c_w.l(libinit2.o)
    0x00000216   0x00000000   Code   RO         3957    .ARM.Collect$$libinit$$0000002C  c_w.l(libinit2.o)
    0x00000216   0x00000000   Code   RO         3959    .ARM.Collect$$libinit$$0000002E  c_w.l(libinit2.o)
    0x00000216   0x00000000   Code   RO         3961    .ARM.Collect$$libinit$$00000030  c_w.l(libinit2.o)
    0x00000216   0x00000004   Code   RO         3962    .ARM.Collect$$libinit$$00000031  c_w.l(libinit2.o)
    0x0000021a   0x00000000   Code   RO         3963    .ARM.Collect$$libinit$$00000032  c_w.l(libinit2.o)
    0x0000021a   0x00000002   Code   RO         3964    .ARM.Collect$$libinit$$00000033  c_w.l(libinit2.o)
    0x0000021c   0x00000000   Code   RO         4331    .ARM.Collect$$libshutdown$$00000002  c_w.l(libshutdown2.o)
    0x0000021c   0x00000000   Code   RO         4333    .ARM.Collect$$libshutdown$$00000004  c_w.l(libshutdown2.o)
    0x0000021c   0x00000000   Code   RO         3732    .ARM.Collect$$rtentry$$00000000  c_w.l(__rtentry.o)
    0x0000021c   0x00000000   Code   RO         4194    .ARM.Collect$$rtentry$$00000002  c_w.l(__rtentry2.o)
    0x0000021c   0x00000006   Code   RO         4206    .ARM.Collect$$rtentry$$00000004  c_w.l(__rtentry4.o)
    0x00000222   0x00000000   Code   RO         4196    .ARM.Collect$$rtentry$$00000009  c_w.l(__rtentry2.o)
    0x00000222   0x00000004   Code   RO         4197    .ARM.Collect$$rtentry$$0000000A  c_w.l(__rtentry2.o)
    0x00000226   0x00000000   Code   RO         4199    .ARM.Collect$$rtentry$$0000000C  c_w.l(__rtentry2.o)
    0x00000226   0x00000008   Code   RO         4200    .ARM.Collect$$rtentry$$0000000D  c_w.l(__rtentry2.o)
    0x0000022e   0x00000002   PAD
    0x00000230   0x00000034   Code   RO         3347    .emb_text           c_w.l(rand.o)
    0x00000264   0x00000000   Code   RO         4887    .emb_text           c_w.l(maybetermalloc1.o)
    0x00000264   0x00000078   Code   RO            1    .text               my_asm.o
    0x000002dc   0x00000014   Code   RO         3243    .text               c_w.l(fprintf.o)
    0x000002f0   0x0000000a   Code   RO         3245    .text               c_w.l(vfprintf.o)
    0x000002fa   0x00000002   Code   RO         4877    .text               c_w.l(use_no_semi.o)
    0x000002fc   0x00000004   Code   RO         2757    .ARM.__at_0x02FC    startup_LPC17xx.o
    0x00000300   0x00000024   Code   RO         2758    .text               startup_LPC17xx.o
    0x00000324   0x000000ee   Code   RO         3241    .text               c_w.l(lludivv7m.o)
    0x00000412   0x00000002   PAD
    0x00000414   0x0000002c   Code   RO         3247    .text               c_w.l(sprintf.o)
    0x00000440   0x00000078   Code   RO         3259    .text               c_w.l(_printf_dec.o)
    0x000004b8   0x00000094   Code   RO         3279    .text               c_w.l(_printf_hex_int_ll_ptr.o)
    0x0000054c   0x00000188   Code   RO         3299    .text               c_w.l(__printf_flags_ss_wp.o)
    0x000006d4   0x0000003c   Code   RO         3305    .text               c_w.l(sscanf.o)
    0x00000710   0x00000064   Code   RO         3311    .text               c_w.l(fflush.o)
    0x00000774   0x00000022   Code   RO         3321    .text               c_w.l(fputs.o)
    0x00000796   0x00000002   PAD
    0x00000798   0x000000ec   Code   RO         3325    .text               c_w.l(fopen.o)
    0x00000884   0x00000014   Code   RO         3327    .text               c_w.l(setbuf.o)
    0x00000898   0x0000004c   Code   RO         3335    .text               c_w.l(fclose.o)
    0x000008e4   0x0000003c   Code   RO         3348    .text               c_w.l(rand.o)
    0x00000920   0x0000002e   Code   RO         3355    .text               c_w.l(aeabi_atexit.o)
    0x0000094e   0x00000002   PAD
    0x00000950   0x00000080   Code   RO         3358    .text               c_w.l(assert.o)
    0x000009d0   0x00000048   Code   RO         3360    .text               c_w.l(strcpy.o)
    0x00000a18   0x0000003e   Code   RO         3362    .text               c_w.l(strlen.o)
    0x00000a56   0x00000096   Code   RO         3364    .text               c_w.l(strncmp.o)
    0x00000aec   0x00000080   Code   RO         3372    .text               c_w.l(strcmpv7m.o)
    0x00000b6c   0x00000024   Code   RO         3380    .text               c_w.l(init_aeabi.o)
    0x00000b90   0x00000010   Code   RO         3733    .text               c_w.l(rt_ctype_table.o)
    0x00000ba0   0x00000008   Code   RO         3739    .text               c_w.l(rt_new_handler_addr.o)
    0x00000ba8   0x00000008   Code   RO         3744    .text               c_w.l(rt_ddtor_pointer_addr.o)
    0x00000bb0   0x00000008   Code   RO         3749    .text               c_w.l(rt_errno_addr.o)
    0x00000bb8   0x0000005e   Code   RO         3758    .text               c_w.l(h1_alloc.o)
    0x00000c16   0x0000004e   Code   RO         3760    .text               c_w.l(h1_free.o)
    0x00000c64   0x00000016   Code   RO         3816    .text               c_w.l(_rserrno.o)
    0x00000c7a   0x0000004e   Code   RO         3818    .text               c_w.l(_printf_pad.o)
    0x00000cc8   0x00000024   Code   RO         3820    .text               c_w.l(_printf_truncate.o)
    0x00000cec   0x00000052   Code   RO         3822    .text               c_w.l(_printf_str.o)
    0x00000d3e   0x000000b2   Code   RO         3824    .text               c_w.l(_printf_intcommon.o)
    0x00000df0   0x00000028   Code   RO         3826    .text               c_w.l(_printf_charcount.o)
    0x00000e18   0x00000030   Code   RO         3828    .text               c_w.l(_printf_char_common.o)
    0x00000e48   0x0000000a   Code   RO         3830    .text               c_w.l(_sputc.o)
    0x00000e52   0x00000002   PAD
    0x00000e54   0x00000024   Code   RO         3832    .text               c_w.l(_printf_char_file.o)
    0x00000e78   0x000000bc   Code   RO         3834    .text               c_w.l(_printf_wctomb.o)
    0x00000f34   0x0000007c   Code   RO         3837    .text               c_w.l(_printf_longlong_dec.o)
    0x00000fb0   0x00000070   Code   RO         3843    .text               c_w.l(_printf_oct_int_ll.o)
    0x00001020   0x00000156   Code   RO         3866    .text               c_w.l(_scanf_longlong.o)
    0x00001176   0x0000014c   Code   RO         3868    .text               c_w.l(_scanf_int.o)
    0x000012c2   0x000000e0   Code   RO         3870    .text               c_w.l(_scanf_str.o)
    0x000013a2   0x00000002   PAD
    0x000013a4   0x0000002c   Code   RO         3872    .text               c_w.l(scanf_char.o)
    0x000013d0   0x00000040   Code   RO         3874    .text               c_w.l(_sgetc.o)
    0x00001410   0x00000114   Code   RO         3880    .text               c_w.l(_scanf_mbtowc.o)
    0x00001524   0x000000e8   Code   RO         3882    .text               c_w.l(_scanf_wctomb.o)
    0x0000160c   0x000000d0   Code   RO         3884    .text               c_w.l(_scanf_wstr.o)
    0x000016dc   0x000001d6   Code   RO         3888    .text               c_w.l(flsbuf.o)
    0x000018b2   0x00000002   PAD
    0x000018b4   0x000000f8   Code   RO         3890    .text               c_w.l(fseek.o)
    0x000019ac   0x00000046   Code   RO         3892    .text               c_w.l(setvbuf.o)
    0x000019f2   0x00000002   PAD
    0x000019f4   0x000000f0   Code   RO         3894    .text               c_w.l(stdio.o)
    0x00001ae4   0x00000138   Code   RO         3897    .text               c_w.l(initio.o)
    0x00001c1c   0x00000016   Code   RO         3903    .text               c_w.l(abort.o)
    0x00001c32   0x00000042   Code   RO         3905    .text               c_w.l(cxa_finalize.o)
    0x00001c74   0x0000000e   Code   RO         3908    .text               c_w.l(defsig_pvfn_outer.o)
    0x00001c82   0x0000004e   Code   RO         3918    .text               c_w.l(rt_memclr_w.o)
    0x00001cd0   0x00000004   Code   RO         4094    .text               cpprt_w.l(arm_bad_typeid_noexceptions.o)
    0x00001cd4   0x00000004   Code   RO         4106    .text               cpprt_w.l(arm_newhandler_noexceptions.o)
    0x00001cd8   0x0000000e   Code   RO         4184    .text               c_w.l(sys_wrch.o)
    0x00001ce6   0x00000002   PAD
    0x00001ce8   0x0000000c   Code   RO         4188    .text               c_w.l(sys_exit.o)
    0x00001cf4   0x00000008   Code   RO         4212    .text               c_w.l(rt_heap_descriptor.o)
    0x00001cfc   0x00000008   Code   RO         4217    .text               c_w.l(rt_locale.o)
    0x00001d04   0x00000004   Code   RO         4222    .text               c_w.l(hguard.o)
    0x00001d08   0x0000008a   Code   RO         4224    .text               c_w.l(init_alloc.o)
    0x00001d92   0x0000000e   Code   RO         4228    .text               c_w.l(h1_init.o)
    0x00001da0   0x0000008a   Code   RO         4242    .text               c_w.l(lludiv10.o)
    0x00001e2a   0x00000012   Code   RO         4244    .text               c_w.l(isspace.o)
    0x00001e3c   0x0000041a   Code   RO         4248    .text               c_w.l(_printf_fp_dec.o)
    0x00002256   0x00000002   PAD
    0x00002258   0x000002fc   Code   RO         4250    .text               c_w.l(_printf_fp_hex.o)
    0x00002554   0x0000002c   Code   RO         4255    .text               c_w.l(_printf_char.o)
    0x00002580   0x0000002c   Code   RO         4259    .text               c_w.l(_printf_wchar.o)
    0x000025ac   0x0000001c   Code   RO         4261    .text               c_w.l(_chval.o)
    0x000025c8   0x00000374   Code   RO         4263    .text               c_w.l(_scanf.o)
    0x0000293c   0x000004a4   Code   RO         4265    .text               c_w.l(scanf_fp.o)
    0x00002de0   0x0000001e   Code   RO         4269    .text               c_w.l(_scanf_wcharmap.o)
    0x00002dfe   0x00000008   Code   RO         4273    .text               c_w.l(ferror.o)
    0x00002e06   0x00000042   Code   RO         4275    .text               c_w.l(ftell.o)
    0x00002e48   0x0000003c   Code   RO         4299    .text               c_w.l(_mbrtowc.o)
    0x00002e84   0x00000040   Code   RO         4301    .text               c_w.l(_wcrtomb.o)
    0x00002ec4   0x0000000a   Code   RO         4306    .text               c_w.l(defsig_exit.o)
    0x00002ece   0x0000000e   Code   RO         4308    .text               c_w.l(defsig_abrt_outer.o)
    0x00002edc   0x0000000e   Code   RO         4312    .text               c_w.l(defsig_rtred_outer.o)
    0x00002eea   0x00000002   PAD
    0x00002eec   0x00000030   Code   RO         4316    .text               c_w.l(defsig_pvfn_inner.o)
    0x00002f1c   0x00000018   Code   RO         4318    .text               c_w.l(assert_stdio.o)
    0x00002f34   0x0000001a   Code   RO         4861    .text               cpprt_w.l(arm_exceptions_terminate.o)
    0x00002f4e   0x00000002   PAD
    0x00002f50   0x00000050   Code   RO         4864    .text               cpprt_w.l(arm_exceptions_globs.o)
    0x00002fa0   0x00000000   Code   RO         4879    .text               c_w.l(indicate_semi.o)
    0x00002fa0   0x00000008   Code   RO         4880    .text               c_w.l(rt_eh_globals_addr.o)
    0x00002fa8   0x00000034   Code   RO         4889    .text               c_w.l(h1_extend.o)
    0x00002fdc   0x00000080   Code   RO         4895    .text               c_w.l(_printf_fp_infnan.o)
    0x0000305c   0x000000dc   Code   RO         4897    .text               c_w.l(bigflt0.o)
    0x00003138   0x00000032   Code   RO         4941    .text               c_w.l(defsig_general.o)
    0x0000316a   0x00000002   PAD
    0x0000316c   0x00000030   Code   RO         4943    .text               c_w.l(defsig_abrt_inner.o)
    0x0000319c   0x00000034   Code   RO         4949    .text               c_w.l(defsig_rtred_inner.o)
    0x000031d0   0x0000000e   Code   RO         4951    .text               c_w.l(defsig_rtmem_outer.o)
    0x000031de   0x00000002   PAD
    0x000031e0   0x00000050   Code   RO         4961    .text               c_w.l(heapauxa.o)
    0x00003230   0x0000003c   Code   RO         5086    .text               cpprt_w.l(arm_exceptions_mem.o)
    0x0000326c   0x00000320   Code   RO         5120    .text               c_w.l(scanf_hexfp.o)
    0x0000358c   0x00000134   Code   RO         5122    .text               c_w.l(scanf_infnan.o)
    0x000036c0   0x00000050   Code   RO         5137    .text               c_w.l(defsig_rtmem_inner.o)
    0x00003710   0x00000026   Code   RO         5168    .text               c_w.l(llshl.o)
    0x00003736   0x0000003e   Code   RO         4900    CL$$btod_d2e        c_w.l(btod.o)
    0x00003774   0x00000046   Code   RO         4902    CL$$btod_d2e_denorm_low  c_w.l(btod.o)
    0x000037ba   0x00000060   Code   RO         4901    CL$$btod_d2e_norm_op1  c_w.l(btod.o)
    0x0000381a   0x00000338   Code   RO         4910    CL$$btod_div_common  c_w.l(btod.o)
    0x00003b52   0x00000002   PAD
    0x00003b54   0x00000054   Code   RO         4908    CL$$btod_e2d        c_w.l(btod.o)
    0x00003ba8   0x000000c6   Code   RO         4907    CL$$btod_e2e        c_w.l(btod.o)
    0x00003c6e   0x00000028   Code   RO         4904    CL$$btod_ediv       c_w.l(btod.o)
    0x00003c96   0x00000028   Code   RO         4906    CL$$btod_edivd      c_w.l(btod.o)
    0x00003cbe   0x00000028   Code   RO         4903    CL$$btod_emul       c_w.l(btod.o)
    0x00003ce6   0x00000028   Code   RO         4905    CL$$btod_emuld      c_w.l(btod.o)
    0x00003d0e   0x00000244   Code   RO         4909    CL$$btod_mult_common  c_w.l(btod.o)
    0x00003f52   0x00000002   PAD
    0x00003f54   0x00000068   Code   RO         1926    i.EINT3_IRQHandler  basic_rf.o
    0x00003fbc   0x00000078   Code   RO         2761    i.SystemInit        system_LPC17xx.o
    0x00004034   0x0000001c   Code   RO          744    i.TIMER0_IRQHandler  nrk_timer.o
    0x00004050   0x00000018   Code   RO          745    i.TIMER1_IRQHandler  nrk_timer.o
    0x00004068   0x0000001c   Code   RO         1774    i._Z10mrf_cs_seth   mrf24j40.o
    0x00004084   0x00000020   Code   RO          289    i._Z11GPIO_SetDirhjh  ulib.o
    0x000040a4   0x00000018   Code   RO          290    i._Z11GPIO_Togglehj  ulib.o
    0x000040bc   0x00000044   Code   RO         2212    i._Z11bmac_tx_pktPch  bmac.o
    0x00004100   0x00000028   Code   RO          294    i._Z11set_PinFunchhh  ulib.o
    0x00004128   0x0000006c   Code   RO         2214    i._Z12bmac_nw_taskv  bmac.o
    0x00004194   0x0000000c   Code   RO         2215    i._Z12bmac_startedv  bmac.o
    0x000041a0   0x00000028   Code   RO         1775    i._Z12mrf_set_addrt  mrf24j40.o
    0x000041c8   0x000000b4   Code   RO         1776    i._Z12mrf_spi_inithhi  mrf24j40.o
    0x0000427c   0x00000184   Code   RO          951    i._Z12nrk_TCB_initP9task_typePjS1_tPvt  nrk.o
    0x00004400   0x0000000a   Code   RO         1929    i._Z12rf_data_modev  basic_rf.o
    0x0000440a   0x00000002   PAD
    0x0000440c   0x00000018   Code   RO         1930    i._Z12rf_rx_packetv  basic_rf.o
    0x00004424   0x0000000a   Code   RO         1931    i._Z12rf_test_modev  basic_rf.o
    0x0000442e   0x00000002   PAD
    0x00004430   0x00000188   Code   RO         1932    i._Z12rf_tx_packetP10RF_TX_INFO  basic_rf.o
    0x000045b8   0x00000048   Code   RO          300    i._Z12setupSPIPinsv  ulib.o
    0x00004600   0x00000060   Code   RO         1778    i._Z13mrf_gpio_initv  mrf24j40.o
    0x00004660   0x00000054   Code   RO         1779    i._Z13mrf_read_longt  mrf24j40.o
    0x000046b4   0x0000001c   Code   RO         1780    i._Z13mrf_reset_seth  mrf24j40.o
    0x000046d0   0x00000030   Code   RO         1781    i._Z13mrf_set_panidt  mrf24j40.o
    0x00004700   0x0000001c   Code   RO         1782    i._Z13mrf_spi_writet  mrf24j40.o
    0x0000471c   0x00000018   Code   RO         1197    i._Z13nrk_error_addh  nrk_error.o
    0x00004734   0x00000020   Code   RO         1394    i._Z13nrk_idle_taskv  nrk_idle_task.o
    0x00004754   0x00000022   Code   RO         1933    i._Z13rf_carrier_onv  basic_rf.o
    0x00004776   0x00000016   Code   RO          746    i._Z14NVIC_EnableIRQ4IRQn  nrk_timer.o
    0x0000478c   0x0000000c   Code   RO         1199    i._Z14_nrk_errno_seth  nrk_error.o
    0x00004798   0x00000294   Code   RO         1413    i._Z14_nrk_schedulerv  nrk_scheduler.o
    0x00004a2c   0x00000010   Code   RO         2503    i._Z14mrfIsrCallbackv  main.o
    0x00004a3c   0x00000046   Code   RO         1784    i._Z14mrf_read_shorth  mrf24j40.o
    0x00004a82   0x00000058   Code   RO         1785    i._Z14mrf_write_longth  mrf24j40.o
    0x00004ada   0x00000002   PAD
    0x00004adc   0x0000003c   Code   RO         1290    i._Z14nrk_event_waitj  nrk_events.o
    0x00004b18   0x00000004   Code   RO          952    i._Z14nrk_int_enablev  nrk.o
    0x00004b1c   0x0000002c   Code   RO          305    i._Z14nrk_led_togglei  ulib.o
    0x00004b48   0x00000022   Code   RO         1935    i._Z14rf_carrier_offv  basic_rf.o
    0x00004b6a   0x00000018   Code   RO         1938    i._Z14rf_set_rx_modeh  basic_rf.o
    0x00004b82   0x00000046   Code   RO          307    i._Z14setup_uartPinsv  ulib.o
    0x00004bc8   0x00000014   Code   RO          308    i._Z15GPIO_ClearValuehj  ulib.o
    0x00004bdc   0x00000034   Code   RO          309    i._Z15GPIO_GetPointerh  ulib.o
    0x00004c10   0x00000028   Code   RO         2216    i._Z15bmac_rx_pkt_getPhS_  bmac.o
    0x00004c38   0x00000048   Code   RO         1786    i._Z15mrf_write_shorthh  mrf24j40.o
    0x00004c80   0x00000042   Code   RO          310    i._Z15nrk_gpio_togglej  ulib.o
    0x00004cc2   0x00000004   Code   RO          953    i._Z15nrk_int_disablev  nrk.o
    0x00004cc6   0x00000004   Code   RO          311    i._Z15nrk_setup_portsv  ulib.o
    0x00004cca   0x00000002   Code   RO         1439    i._Z15nrk_stack_checkv  nrk_stack_check.o
    0x00004ccc   0x0000001c   Code   RO         1939    i._Z15rf_rx_check_ccav  basic_rf.o
    0x00004ce8   0x00000026   Code   RO          312    i._Z16PINSEL_ConfigPinP15PINSEL_CFG_Type  ulib.o
    0x00004d0e   0x00000002   PAD
    0x00004d10   0x00000098   Code   RO          747    i._Z16_nrk_setup_timerv  nrk_timer.o
    0x00004da8   0x00000048   Code   RO         2218    i._Z16bmac_task_configv  bmac.o
    0x00004df0   0x00000038   Code   RO         1787    i._Z16mrf_gpioint_initv  mrf24j40.o
    0x00004e28   0x00000088   Code   RO         1293    i._Z16nrk_event_signala  nrk_events.o
    0x00004eb0   0x00000004   Code   RO          748    i._Z16nrk_spin_wait_usj  nrk_timer.o
    0x00004eb4   0x0000000a   Code   RO          572    i._Z16nrk_target_startv  nrk_cpu.o
    0x00004ebe   0x0000001e   Code   RO          573    i._Z16nrk_task_set_stkP9task_typePjt  nrk_cpu.o
    0x00004edc   0x00000028   Code   RO         1942    i._Z16rf_polling_rx_onv  basic_rf.o
    0x00004f04   0x00000028   Code   RO          314    i._Z16set_ResistorModehhh  ulib.o
    0x00004f2c   0x0000000a   Code   RO          749    i._Z17_nrk_os_timer_getv  nrk_timer.o
    0x00004f36   0x00000002   PAD
    0x00004f38   0x00000074   Code   RO         1484    i._Z17nrk_activate_taskP9task_type  nrk_task.o
    0x00004fac   0x000000b8   Code   RO         1485    i._Z17nrk_add_to_readyQa  nrk_task.o
    0x00005064   0x00000030   Code   RO         1294    i._Z17nrk_signal_createv  nrk_events.o
    0x00005094   0x00000080   Code   RO          574    i._Z17nrk_task_stk_initPFvvEPjS1_  nrk_cpu.o
    0x00005114   0x00000044   Code   RO         1486    i._Z17nrk_wait_until_nwv  nrk_task.o
    0x00005158   0x0000002c   Code   RO         1946    i._Z17rf_set_cca_thresha  basic_rf.o
    0x00005184   0x00000024   Code   RO          316    i._Z17set_OpenDrainModehhh  ulib.o
    0x000051a8   0x00000040   Code   RO         1605    i._Z18_nrk_time_to_ticksP10nrk_time_t  nrk_time.o
    0x000051e8   0x000000b8   Code   RO         2504    i._Z18nrk_create_tasksetv  main.o
    0x000052a0   0x00000020   Code   RO         1948    i._Z18rf_auto_ack_enablev  basic_rf.o
    0x000052c0   0x000000b0   Code   RO         1949    i._Z18rf_parse_rx_packetv  basic_rf.o
    0x00005370   0x00000020   Code   RO         2221    i._Z19_bmac_channel_checkv  bmac.o
    0x00005390   0x00000010   Code   RO          754    i._Z19_nrk_os_timer_resetv  nrk_timer.o
    0x000053a0   0x0000000e   Code   RO          755    i._Z19_nrk_os_timer_startv  nrk_timer.o
    0x000053ae   0x00000002   PAD
    0x000053b0   0x0000000c   Code   RO         2222    i._Z19bmac_rx_pkt_releasev  bmac.o
    0x000053bc   0x0000000a   Code   RO         2224    i._Z19bmac_set_cca_thresha  bmac.o
    0x000053c6   0x00000002   PAD
    0x000053c8   0x00000054   Code   RO         1488    i._Z19nrk_rem_from_readyQa  nrk_task.o
    0x0000541c   0x00000028   Code   RO         1296    i._Z19nrk_signal_registera  nrk_events.o
    0x00005444   0x00000020   Code   RO         1951    i._Z19rf_auto_ack_disablev  basic_rf.o
    0x00005464   0x0000000a   Code   RO          758    i._Z20_nrk_get_next_wakeupv  nrk_timer.o
    0x0000546e   0x00000008   Code   RO          759    i._Z20_nrk_set_next_wakeuph  nrk_timer.o
    0x00005476   0x00000002   PAD
    0x00005478   0x0000000c   Code   RO         1201    i._Z20nrk_kernel_error_addhh  nrk_error.o
    0x00005484   0x00000044   Code   RO         1490    i._Z20nrk_wait_until_tickst  nrk_task.o
    0x000054c8   0x0000000a   Code   RO         2228    i._Z21bmac_auto_ack_disablev  bmac.o
    0x000054d2   0x00000016   Code   RO         1955    i._Z21rf_addr_decode_enablev  basic_rf.o
    0x000054e8   0x00000020   Code   RO         2231    i._Z22bmac_rx_pkt_set_bufferPch  bmac.o
    0x00005508   0x00000020   Code   RO         2232    i._Z22bmac_set_rx_check_rate10nrk_time_t  bmac.o
    0x00005528   0x00000034   Code   RO         2233    i._Z22bmac_wait_until_rx_pktv  bmac.o
    0x0000555c   0x00000078   Code   RO          575    i._Z22nrk_stack_pointer_initv  nrk_cpu.o
    0x000055d4   0x00000016   Code   RO         1956    i._Z22rf_addr_decode_disablev  basic_rf.o
    0x000055ea   0x00000002   PAD
    0x000055ec   0x00000014   Code   RO         1588    i._Z23_nrk_wait_for_schedulerv  nrk_task.o
    0x00005600   0x0000000a   Code   RO         2234    i._Z23bmac_addr_decode_enablev  bmac.o
    0x0000560a   0x00000002   PAD
    0x0000560c   0x00000018   Code   RO         2237    i._Z23bmac_get_tx_done_signalv  bmac.o
    0x00005624   0x00000014   Code   RO          761    i._Z25_nrk_high_speed_timer_getv  nrk_timer.o
    0x00005638   0x0000000c   Code   RO         2241    i._Z25bmac_addr_decode_dest_mact  bmac.o
    0x00005644   0x00000032   Code   RO          762    i._Z25nrk_high_speed_timer_waittt  nrk_timer.o
    0x00005676   0x00000002   PAD
    0x00005678   0x00000070   Code   RO          576    i._Z25nrk_stack_pointer_restorev  nrk_cpu.o
    0x000056e8   0x00000020   Code   RO         1958    i._Z25rf_addr_decode_set_my_mact  basic_rf.o
    0x00005708   0x0000000c   Code   RO         1491    i._Z26nrk_get_high_ready_task_IDv  nrk_task.o
    0x00005714   0x00000044   Code   RO         1492    i._Z26nrk_wait_until_next_periodv  nrk_task.o
    0x00005758   0x00000018   Code   RO          764    i._Z27_nrk_high_speed_timer_resetv  nrk_timer.o
    0x00005770   0x0000000a   Code   RO         2243    i._Z27bmac_addr_decode_set_my_mact  bmac.o
    0x0000577a   0x00000004   Code   RO          577    i._Z27nrk_task_set_entry_functionP9task_typePFvvE  nrk_cpu.o
    0x0000577e   0x00000002   PAD
    0x00005780   0x0000004c   Code   RO         1493    i._Z29nrk_wait_until_next_n_periodst  nrk_task.o
    0x000057cc   0x00000024   Code   RO         2246    i._Z6_b_powh        bmac.o
    0x000057f0   0x000000a0   Code   RO          326    i._Z7initLEDv       ulib.o
    0x00005890   0x00000058   Code   RO         1961    i._Z7rf_initP10RF_RX_INFOhtt  basic_rf.o
    0x000058e8   0x00000080   Code   RO         2505    i._Z7rx_taskv       main.o
    0x00005968   0x00000078   Code   RO         2506    i._Z7tx_taskv       main.o
    0x000059e0   0x0000006c   Code   RO         2247    i._Z8_bmac_rxv      bmac.o
    0x00005a4c   0x000000dc   Code   RO         2248    i._Z8_bmac_txv      bmac.o
    0x00005b28   0x0000002c   Code   RO         1788    i._Z8mrf_inith      mrf24j40.o
    0x00005b54   0x0000002a   Code   RO         1789    i._Z8mrf_rssiv      mrf24j40.o
    0x00005b7e   0x00000002   PAD
    0x00005b80   0x000000ac   Code   RO          955    i._Z8nrk_initv      nrk.o
    0x00005c2c   0x00000054   Code   RO         1494    i._Z8nrk_wait10nrk_time_t  nrk_task.o
    0x00005c80   0x00000020   Code   RO         1962    i._Z8rf_rx_onv      basic_rf.o
    0x00005ca0   0x00000016   Code   RO          327    i._Z9PORT_INITv     ulib.o
    0x00005cb6   0x00000002   PAD
    0x00005cb8   0x00000074   Code   RO         2249    i._Z9bmac_inith     bmac.o
    0x00005d2c   0x0000009c   Code   RO          329    i._Z9initDEBUGv     ulib.o
    0x00005dc8   0x000000bc   Code   RO         1791    i._Z9mrf_reseth     mrf24j40.o
    0x00005e84   0x00000088   Code   RO          956    i._Z9nrk_startv     nrk.o
    0x00005f0c   0x00000020   Code   RO         1963    i._Z9rf_rx_offv     basic_rf.o
    0x00005f2c   0x00000046   Code   RO         3554    i._ZN27_INTERNAL_6_rtti_c_066a44b012tbc_downcastEPvPKSt9type_infoP28a_base_class_traversal_blockPN10__cxxabiv122__base_class_type_infoE  cpprt_w.l(rtti.o)
    0x00005f72   0x00000016   Code   RO         3555    i._ZN27_INTERNAL_6_rtti_c_066a44b017tbc_post_downcastEPvPKSt9type_infoP28a_base_class_traversal_blockPN10__cxxabiv122__base_class_type_infoE  cpprt_w.l(rtti.o)
    0x00005f88   0x000000a4   Code   RO         3556    i._ZN27_INTERNAL_6_rtti_c_066a44b021traverse_base_classesEPvPKSt9type_infoP28a_base_class_traversal_blockPN10__cxxabiv122__base_class_type_infoE  cpprt_w.l(rtti.o)
    0x0000602c   0x000000c0   Code   RO         3557    i._ZN27_INTERNAL_6_rtti_c_066a44b023find_base_class_at_addrEPvS0_PKSt9type_infoS3_Pi  cpprt_w.l(rtti.o)
    0x000060ec   0x0000000e   Code   RO         3558    i._ZN27_INTERNAL_6_rtti_c_066a44b024get_virtual_base_pointerEPvPN10__cxxabiv122__base_class_type_infoE  cpprt_w.l(rtti.o)
    0x000060fa   0x00000002   PAD
    0x000060fc   0x000001e4   Code   RO         3559    i._ZN27_INTERNAL_6_rtti_c_066a44b028derived_to_base_conversion_rEPvPS0_PKSt9type_infoS4_jPiiPS4_P19a_result_virtualityS5_  cpprt_w.l(rtti.o)
    0x000062e0   0x00000004   Code   RO         3384    i._ZN4__rw15__rw_deallocateEPvji  cpp_ws.l(rwalloc.o)
    0x000062e4   0x0000003a   Code   RO         3161    i._ZN4mbed10FileHandle4flenEv  mbed.ar(stdio.cpp.lpc1768.arm.o)
    0x0000631e   0x00000008   Code   RO         2985    i._ZN4mbed15FunctionPointerC1EPFvvE  mbed.ar(FunctionPointer.cpp.lpc1768.arm.o)
    0x00006326   0x00000002   PAD
    0x00006328   0x00000030   Code   RO         2998    i._ZN4mbed4Base5clearEPKcPc  mbed.ar(Base.cpp.lpc1768.arm.o)
    0x00006358   0x00000038   Code   RO         2999    i._ZN4mbed4Base6lookupEPKcj  mbed.ar(Base.cpp.lpc1768.arm.o)
    0x00006390   0x00000040   Code   RO         3002    i._ZN4mbed4Base9list_objsEPKcPc  mbed.ar(Base.cpp.lpc1768.arm.o)
    0x000063d0   0x00000024   Code   RO         3003    i._ZN4mbed4BaseC1EPKc  mbed.ar(Base.cpp.lpc1768.arm.o)
    0x000063f4   0x00000034   Code   RO         3004    i._ZN4mbed4BaseD0Ev  mbed.ar(Base.cpp.lpc1768.arm.o)
    0x00006428   0x00000038   Code   RO         3005    i._ZN4mbed4BaseD1Ev  mbed.ar(Base.cpp.lpc1768.arm.o)
    0x00006460   0x0000000e   Code   RO         2786    i._ZN4mbed6Serial5_putcEi  mbed.ar(Serial.cpp.lpc1768.arm.o)
    0x0000646e   0x00000002   PAD
    0x00006470   0x00000034   Code   RO         2791    i._ZN4mbed6SerialC1E7PinNameS1_PKc  mbed.ar(Serial.cpp.lpc1768.arm.o)
    0x000064a4   0x0000000e   Code   RO         2857    i._ZN4mbed6SerialD0Ev  mbed.ar(Serial.cpp.lpc1768.arm.o)
    0x000064b2   0x00000004   Code   RO         2839    i._ZN4mbed6SerialD1Ev  mbed.ar(Serial.cpp.lpc1768.arm.o)
    0x000064b6   0x0000001e   Code   RO         2877    i._ZN4mbed6Stream6printfEPKcz  mbed.ar(Stream.cpp.lpc1768.arm.o)
    0x000064d4   0x00000040   Code   RO         2878    i._ZN4mbed6StreamC2EPKc  mbed.ar(Stream.cpp.lpc1768.arm.o)
    0x00006514   0x00000024   Code   RO         2879    i._ZN4mbed6StreamD0Ev  mbed.ar(Stream.cpp.lpc1768.arm.o)
    0x00006538   0x00000020   Code   RO         2880    i._ZN4mbed6StreamD2Ev  mbed.ar(Stream.cpp.lpc1768.arm.o)
    0x00006558   0x0000003c   Code   RO         3075    i._ZN4mbed8FileLikeD0Ev  mbed.ar(stdio.cpp.lpc1768.arm.o)
    0x00006594   0x00000034   Code   RO         3076    i._ZN4mbed8FileLikeD2Ev  mbed.ar(stdio.cpp.lpc1768.arm.o)
    0x000065c8   0x00000020   Code   RO         4129    i._ZNKSt9type_infoeqERKS_  cpprt_w.l(type_info_eq.o)
    0x000065e8   0x00000004   Code   RO         2881    i._ZThn16_N4mbed6Stream4flenEv  mbed.ar(Stream.cpp.lpc1768.arm.o)
    0x000065ec   0x00000004   Code   RO         2883    i._ZThn16_N4mbed6Stream5closeEv  mbed.ar(Stream.cpp.lpc1768.arm.o)
    0x000065f0   0x00000004   Code   RO         2885    i._ZThn16_N4mbed6Stream5lseekEli  mbed.ar(Stream.cpp.lpc1768.arm.o)
    0x000065f4   0x0000002c   Code   RO         2886    i._ZThn16_N4mbed6Stream5writeEPKvj  mbed.ar(Stream.cpp.lpc1768.arm.o)
    0x00006620   0x00000004   Code   RO         2887    i._ZThn16_N4mbed6Stream6isattyEv  mbed.ar(Stream.cpp.lpc1768.arm.o)
    0x00006624   0x00000008   Code   RO         3537    i._ZdaPv            cpprt_w.l(array_del.o)
    0x0000662c   0x00000008   Code   RO         3544    i._ZdlPv            cpprt_w.l(delete.o)
    0x00006634   0x00000008   Code   RO         3540    i._Znaj             cpprt_w.l(array_new.o)
    0x0000663c   0x00000028   Code   RO         3547    i._Znwj             cpprt_w.l(new.o)
    0x00006664   0x00000020   Code   RO         3582    i.__ARM_common_get_typeid  cpprt_w.l(rtti.o)
    0x00006684   0x00000028   Code   RO         5110    i.__ARM_fpclassify  m_ws.l(fpclassify.o)
    0x000066ac   0x00000006   Code   RO         3551    i.__cxa_pure_virtual  cpprt_w.l(pure_virt.o)
    0x000066b2   0x00000002   PAD
    0x000066b4   0x00000070   Code   RO         3560    i.__derived_to_base_conversion  cpprt_w.l(rtti.o)
    0x00006724   0x000000b0   Code   RO         3561    i.__dynamic_cast    cpprt_w.l(rtti.o)
    0x000067d4   0x0000000e   Code   RO         5217    i.__mathlib_dbl_overflow  m_ws.l(dunder.o)
    0x000067e2   0x00000002   PAD
    0x000067e4   0x00000010   Code   RO         5219    i.__mathlib_dbl_underflow  m_ws.l(dunder.o)
    0x000067f4   0x0000000a   Code   RO         4174    i.__mathlib_flt_overflow  m_ws.l(funder.o)
    0x000067fe   0x0000000a   Code   RO         4176    i.__mathlib_flt_underflow  m_ws.l(funder.o)
    0x00006808   0x00000010   Code   RO         5112    i.__mathlib_narrow  m_ws.l(narrow.o)
    0x00006818   0x00000088   Code   RO         5113    i.__mathlib_tofloat  m_ws.l(narrow.o)
    0x000068a0   0x00000010   Code   RO         4625    i.__sti___10_locale_cpp_ff99fc7b  cpp_ws.l(locale.o)
    0x000068b0   0x00000038   Code   RO         4981    i.__sti___10_rwcats_cpp_64e8068e  cpp_ws.l(rwcats.o)
    0x000068e8   0x00000010   Code   RO         4358    i.__sti___8_char_cpp_a3dc957a  cpp_ws.l(char.o)
    0x000068f8   0x00000044   Code   RO         2507    i.__sti___8_main_cpp_b3a1db73  main.o
    0x0000693c   0x00000016   Code   RO         5195    i.__support_ldexp   m_ws.l(ldexp.o)
    0x00006952   0x00000002   PAD
    0x00006954   0x0000000c   Code   RO         2765    i.__user_setup_stackheap  stackheap.o
    0x00006960   0x0000000e   Code   RO         3292    i._is_digit         c_w.l(__printf_wp.o)
    0x0000696e   0x00000004   Code   RO          957    i._nrk_timer_tick   nrk.o
    0x00006972   0x00000002   PAD
    0x00006974   0x0000002c   Code   RO         3077    i._sys_close        mbed.ar(stdio.cpp.lpc1768.arm.o)
    0x000069a0   0x00000028   Code   RO         3080    i._sys_flen         mbed.ar(stdio.cpp.lpc1768.arm.o)
    0x000069c8   0x00000028   Code   RO         3081    i._sys_istty        mbed.ar(stdio.cpp.lpc1768.arm.o)
    0x000069f0   0x00000184   Code   RO         3082    i._sys_open         mbed.ar(stdio.cpp.lpc1768.arm.o)
    0x00006b74   0x0000002c   Code   RO         3084    i._sys_seek         mbed.ar(stdio.cpp.lpc1768.arm.o)
    0x00006ba0   0x00000054   Code   RO         3085    i._sys_write        mbed.ar(stdio.cpp.lpc1768.arm.o)
    0x00006bf4   0x00000016   Code   RO         3193    i.exit              capi.ar(exit.c.lpc1768.arm.o)
    0x00006c0a   0x0000001a   Code   RO         3318    i.fputc             c_w.l(fputc.o)
    0x00006c24   0x00000058   Code   RO         5161    i.frexp             m_ws.l(frexp.o)
    0x00006c7c   0x00000030   Code   RO         3231    i.gpio_output       capi.ar(gpio_api.c.lpc1768.arm.o)
    0x00006cac   0x00000018   Code   RO         3233    i.gpio_write        capi.ar(gpio_api.c.lpc1768.arm.o)
    0x00006cc4   0x00000074   Code   RO         5196    i.ldexp             m_ws.l(ldexp.o)
    0x00006d38   0x0000001a   Code   RO         2508    i.main              main.o
    0x00006d52   0x00000002   PAD
    0x00006d54   0x00000078   Code   RO         3195    i.mbed_die          capi.ar(utils_api.c.lpc1768.arm.o)
    0x00006dcc   0x00000038   Code   RO         3183    i.pin_function      capi.ar(pinmap.c.lpc1768.arm.o)
    0x00006e04   0x00000038   Code   RO         3184    i.pin_mode          capi.ar(pinmap.c.lpc1768.arm.o)
    0x00006e3c   0x0000003c   Code   RO         3185    i.pinmap_merge      capi.ar(pinmap.c.lpc1768.arm.o)
    0x00006e78   0x00000058   Code   RO         3186    i.pinmap_peripheral  capi.ar(pinmap.c.lpc1768.arm.o)
    0x00006ed0   0x000000a4   Code   RO         3187    i.pinmap_pinout     capi.ar(pinmap.c.lpc1768.arm.o)
    0x00006f74   0x00000054   Code   RO         3723    i.scalbnf           m_ws.l(scalbnf.o)
    0x00006fc8   0x0000000c   Code   RO         3205    i.semihost_exit     capi.ar(semihost_api.c.lpc1768.arm.o)
    0x00006fd4   0x00000100   Code   RO         2959    i.serial_baud       capi.ar(serial_api.c.lpc1768.arm.o)
    0x000070d4   0x00000094   Code   RO         2961    i.serial_format     capi.ar(serial_api.c.lpc1768.arm.o)
    0x00007168   0x000000e4   Code   RO         2964    i.serial_init       capi.ar(serial_api.c.lpc1768.arm.o)
    0x0000724c   0x0000000c   Code   RO         2966    i.serial_putc       capi.ar(serial_api.c.lpc1768.arm.o)
    0x00007258   0x00000014   Code   RO         3170    i.timer_frequency   capi.ar(timer_api.c.lpc1768.arm.o)
    0x0000726c   0x00000070   Code   RO         3171    i.timer_init        capi.ar(timer_api.c.lpc1768.arm.o)
    0x000072dc   0x00000004   Code   RO         3172    i.timer_read        capi.ar(timer_api.c.lpc1768.arm.o)
    0x000072e0   0x0000000c   Code   RO         3173    i.timer_start       capi.ar(timer_api.c.lpc1768.arm.o)
    0x000072ec   0x00000038   Code   RO         2980    i.us_ticker_read    capi.ar(us_ticker_api.c.lpc1768.arm.o)
    0x00007324   0x0000001c   Code   RO         2775    i.wait_ms           capi.ar(wait_api.c.lpc1768.arm.o)
    0x00007340   0x00000016   Code   RO         2776    i.wait_us           capi.ar(wait_api.c.lpc1768.arm.o)
    0x00007356   0x00000002   PAD
    0x00007358   0x0000002c   Code   RO         4304    locale$$code        c_w.l(lc_ctype_c.o)
    0x00007384   0x0000002c   Code   RO         4937    locale$$code        c_w.l(lc_numeric_c.o)
    0x000073b0   0x00000034   Code   RO         2553    t._Z11rprint_taskILi3EEvv  main.o
    0x000073e4   0x0000000e   Code   RO         4997    t._ZN4__rw18__rw_locale_vectorIPNS_8__rw_catEED1Ev  cpp_ws.l(rwcats.o)
    0x000073f2   0x00000026   Code   RO         2560    t._ZNSt6vectorI9relay_msgSaIS0_EED1Ev  main.o
    0x00007418   0x00000062   Code   RO         5150    x$fpl$d2f           fz_ws.l(d2f.o)
    0x0000747a   0x00000002   PAD
    0x0000747c   0x00000010   Code   RO         5211    x$fpl$dcheck1       fz_ws.l(dcheck1.o)
    0x0000748c   0x00000018   Code   RO         5190    x$fpl$dcmpinf       fz_ws.l(dcmpi.o)
    0x000074a4   0x00000078   Code   RO         5152    x$fpl$deqf          fz_ws.l(deqf.o)
    0x0000751c   0x00000078   Code   RO         5154    x$fpl$dleqf         fz_ws.l(dleqf.o)
    0x00007594   0x0000009c   Code   RO         4147    x$fpl$dnaninf       fz_ws.l(dnaninf.o)
    0x00007630   0x0000006c   Code   RO         5156    x$fpl$drleqf        fz_ws.l(drleqf.o)
    0x0000769c   0x000000c4   Code   RO         3696    x$fpl$fadd          fz_ws.l(faddsub_clz.o)
    0x00007760   0x0000000c   Code   RO         4873    x$fpl$fcheck1       fz_ws.l(fcheck1.o)
    0x0000776c   0x00000184   Code   RO         3703    x$fpl$fdiv          fz_ws.l(fdiv.o)
    0x000078f0   0x00000036   Code   RO         3706    x$fpl$ffix          fz_ws.l(ffix.o)
    0x00007926   0x00000002   PAD
    0x00007928   0x00000030   Code   RO         3715    x$fpl$fflt          fz_ws.l(fflt_clz.o)
    0x00007958   0x00000026   Code   RO         3714    x$fpl$ffltu         fz_ws.l(fflt_clz.o)
    0x0000797e   0x00000002   PAD
    0x00007980   0x00000102   Code   RO         3720    x$fpl$fmul          fz_ws.l(fmul.o)
    0x00007a82   0x0000008c   Code   RO         4151    x$fpl$fnaninf       fz_ws.l(fnaninf.o)
    0x00007b0e   0x0000000a   Code   RO         4153    x$fpl$fretinf       fz_ws.l(fretinf.o)
    0x00007b18   0x000000ea   Code   RO         3698    x$fpl$fsub          fz_ws.l(faddsub_clz.o)
    0x00007c02   0x00000004   Code   RO         4157    x$fpl$printf1       fz_ws.l(printf1.o)
    0x00007c06   0x00000004   Code   RO         4159    x$fpl$printf2       fz_ws.l(printf2.o)
    0x00007c0a   0x00000064   Code   RO         5102    x$fpl$retnan        fz_ws.l(retnan.o)
    0x00007c6e   0x0000005c   Code   RO         5192    x$fpl$scalbn        fz_ws.l(scalbn.o)
    0x00007cca   0x0000004c   Code   RO         4165    x$fpl$scalbnf       fz_ws.l(scalbnf.o)
    0x00007d16   0x00000004   Code   RO         4167    x$fpl$scanf1        fz_ws.l(scanf1.o)
    0x00007d1a   0x00000008   Code   RO         5104    x$fpl$scanf2        fz_ws.l(scanf2.o)
    0x00007d22   0x00000030   Code   RO         5158    x$fpl$trapveneer    fz_ws.l(trapv.o)
    0x00007d52   0x00000000   Code   RO         4169    x$fpl$usenofp       fz_ws.l(usenofp.o)
    0x00007d52   0x00000002   PAD
    0x00007d54   0x00000154   Data   RO         2969    .constdata          capi.ar(serial_api.c.lpc1768.arm.o)
    0x00007ea8   0x00000018   Data   RO         3025    .constdata          mbed.ar(Base.cpp.lpc1768.arm.o)
    0x00007ec0   0x00000017   Data   RO         3136    .constdata          mbed.ar(stdio.cpp.lpc1768.arm.o)
    0x00007ed7   0x00000028   Data   RO         3280    .constdata          c_w.l(_printf_hex_int_ll_ptr.o)
    0x00007eff   0x00000011   Data   RO         3300    .constdata          c_w.l(__printf_flags_ss_wp.o)
    0x00007f10   0x00000008   Data   RO         3835    .constdata          c_w.l(_printf_wctomb.o)
    0x00007f18   0x00000026   Data   RO         4251    .constdata          c_w.l(_printf_fp_hex.o)
    0x00007f3e   0x00000002   PAD
    0x00007f40   0x00000094   Data   RO         4898    .constdata          c_w.l(bigflt0.o)
    0x00007fd4   0x0000000c   Data   RO         3672    .constdata__ZTIN10__cxxabiv117__class_type_infoE  cpprt_w.l(lib_rtti_impl.o)
    0x00007fe0   0x0000000c   Data   RO         3673    .constdata__ZTIN10__cxxabiv120__si_class_type_infoE  cpprt_w.l(lib_rtti_impl.o)
    0x00007fec   0x0000000c   Data   RO         3674    .constdata__ZTIN10__cxxabiv121__vmi_class_type_infoE  cpprt_w.l(lib_rtti_impl.o)
    0x00007ff8   0x00000008   Data   RO         3166    .constdata__ZTIN4mbed10FileHandleE  mbed.ar(stdio.cpp.lpc1768.arm.o)
    0x00008000   0x0000000c   Data   RO         3073    .constdata__ZTIN4mbed14FileSystemLikeE  mbed.ar(Base.cpp.lpc1768.arm.o)
    0x0000800c   0x00000008   Data   RO         3050    .constdata__ZTIN4mbed4BaseE  mbed.ar(Base.cpp.lpc1768.arm.o)
    0x00008014   0x0000000c   Data   RO         2866    .constdata__ZTIN4mbed6SerialE  mbed.ar(Serial.cpp.lpc1768.arm.o)
    0x00008020   0x0000000c   Data   RO         2957    .constdata__ZTIN4mbed6StreamE  mbed.ar(Stream.cpp.lpc1768.arm.o)
    0x0000802c   0x00000020   Data   RO         3165    .constdata__ZTIN4mbed8FileLikeE  mbed.ar(stdio.cpp.lpc1768.arm.o)
    0x0000804c   0x00000008   Data   RO         4127    .constdata__ZTISt9type_info  cpprt_w.l(type_info_dtor.o)
    0x00008054   0x00000022   Data   RO         3682    .constdata__ZTSN10__cxxabiv117__class_type_infoE  cpprt_w.l(lib_rtti_impl.o)
    0x00008076   0x00000025   Data   RO         3683    .constdata__ZTSN10__cxxabiv120__si_class_type_infoE  cpprt_w.l(lib_rtti_impl.o)
    0x0000809b   0x00000026   Data   RO         3684    .constdata__ZTSN10__cxxabiv121__vmi_class_type_infoE  cpprt_w.l(lib_rtti_impl.o)
    0x000080c1   0x00000014   Data   RO         3168    .constdata__ZTSN4mbed10FileHandleE  mbed.ar(stdio.cpp.lpc1768.arm.o)
    0x000080d5   0x00000018   Data   RO         3074    .constdata__ZTSN4mbed14FileSystemLikeE  mbed.ar(Base.cpp.lpc1768.arm.o)
    0x000080ed   0x0000000d   Data   RO         3054    .constdata__ZTSN4mbed4BaseE  mbed.ar(Base.cpp.lpc1768.arm.o)
    0x000080fa   0x0000000f   Data   RO         2867    .constdata__ZTSN4mbed6SerialE  mbed.ar(Serial.cpp.lpc1768.arm.o)
    0x00008109   0x0000000f   Data   RO         2958    .constdata__ZTSN4mbed6StreamE  mbed.ar(Stream.cpp.lpc1768.arm.o)
    0x00008118   0x00000011   Data   RO         3167    .constdata__ZTSN4mbed8FileLikeE  mbed.ar(stdio.cpp.lpc1768.arm.o)
    0x00008129   0x0000000d   Data   RO         4128    .constdata__ZTSSt9type_info  cpprt_w.l(type_info_dtor.o)
    0x00008136   0x00000002   PAD
    0x00008138   0x00000010   Data   RO         3654    .constdata__ZTVN10__cxxabiv117__class_type_infoE  cpprt_w.l(lib_rtti_impl.o)
    0x00008148   0x00000010   Data   RO         3656    .constdata__ZTVN10__cxxabiv120__si_class_type_infoE  cpprt_w.l(lib_rtti_impl.o)
    0x00008158   0x00000010   Data   RO         3658    .constdata__ZTVN10__cxxabiv121__vmi_class_type_infoE  cpprt_w.l(lib_rtti_impl.o)
    0x00008168   0x00000018   Data   RO         3046    .constdata__ZTVN4mbed4BaseE  mbed.ar(Base.cpp.lpc1768.arm.o)
    0x00008180   0x00000060   Data   RO         2835    .constdata__ZTVN4mbed6SerialE  mbed.ar(Serial.cpp.lpc1768.arm.o)
    0x000081e0   0x00000060   Data   RO         2935    .constdata__ZTVN4mbed6StreamE  mbed.ar(Stream.cpp.lpc1768.arm.o)
    0x00008240   0x0000003c   Data   RO         3160    .constdata__ZTVN4mbed8FileLikeE  mbed.ar(stdio.cpp.lpc1768.arm.o)
    0x0000827c   0x00000014   Data   RO         2551    .constdata__ZZ11rprint_taskILi3EEvvEs  main.o
    0x00008290   0x00000021   Data   RO         2552    .constdata__ZZ11rprint_taskILi3EEvvEs_0  main.o
    0x000082b1   0x0000000e   Data   RO         3027    .conststring        mbed.ar(Base.cpp.lpc1768.arm.o)
    0x000082bf   0x00000005   Data   RO         3028    .conststring        mbed.ar(Base.cpp.lpc1768.arm.o)
    0x000082c4   0x00000020   Data   RO         5238    Region$$Table       anon$$obj.o
    0x000082e4   0x00000008   Data   RO         5099    c$$dinf             fz_ws.l(fpconst.o)
    0x000082ec   0x00000110   Data   RO         4303    locale$$data        c_w.l(lc_ctype_c.o)
    0x000083fc   0x0000001c   Data   RO         4936    locale$$data        c_w.l(lc_numeric_c.o)
    0x00008418   0x00000004   Data   RO         2519    .init_array         main.o
    0x0000841c   0x00000000   Data   RO         3378    .init_array         c_w.l(init_aeabi.o)
    0x0000841c   0x00000004   Data   RO         4380    .init_array         cpp_ws.l(char.o)
    0x00008420   0x00000004   Data   RO         4673    .init_array         cpp_ws.l(locale.o)
    0x00008424   0x00000004   Data   RO         4991    .init_array         cpp_ws.l(rwcats.o)


    Execution Region RW_IRAM1 (Base: 0x10000000, Size: 0x0000100c, Max: 0x00008000, ABSOLUTE, COMPRESSED[0x00000014])

    Base Addr    Size         Type   Attr      Idx    E Section Name        Object

    0x10000000   0x000000c4   Data   RW         2771    .ARM.__AT_0x10000000  cmsis_nvic.o
    0x100000c4   0x00000002   Data   RW          788    .data               nrk_timer.o
    0x100000c6   0x00000002   PAD
    0x100000c8   0x00000004   Data   RW          968    .data               nrk.o
    0x100000cc   0x00000001   Data   RW          969    .data               nrk.o
    0x100000cd   0x00000003   PAD
    0x100000d0   0x00000014   Data   RW          970    .data               nrk.o
    0x100000e4   0x00000008   Data   RW          973    .data               nrk.o
    0x100000ec   0x00000002   Data   RW         1215    .data               nrk_error.o
    0x100000ee   0x00000002   PAD
    0x100000f0   0x00000004   Data   RW         1313    .data               nrk_events.o
    0x100000f4   0x00000008   Data   RW         1415    .data               nrk_scheduler.o
    0x100000fc   0x00000004   Data   RW         1814    .data               mrf24j40.o
    0x10000100   0x00000006   Data   RW         2005    .data               basic_rf.o
    0x10000106   0x00000002   PAD
    0x10000108   0x00000018   Data   RW         2290    .data               bmac.o
    0x10000120   0x0000000c   Data   RW         2518    .data               main.o
    0x1000012c   0x00000004   Data   RW         2762    .data               system_LPC17xx.o
    0x10000130   0x00000004   Data   RW         2981    .data               capi.ar(us_ticker_api.c.lpc1768.arm.o)
    0x10000134   0x00000008   Data   RW         3029    .data               mbed.ar(Base.cpp.lpc1768.arm.o)
    0x1000013c   0x0000000c   Data   RW         3030    .data               mbed.ar(Base.cpp.lpc1768.arm.o)
    0x10000148   0x00000004   Data   RW         3332    .data               c_w.l(stdio_streams.o)
    0x1000014c   0x00000004   Data   RW         3333    .data               c_w.l(stdio_streams.o)
    0x10000150   0x00000004   Data   RW         3334    .data               c_w.l(stdio_streams.o)
    0x10000154   0x00000008   Data   RW         4379    .data               cpp_ws.l(char.o)
    0x1000015c   0x0000001c   Data   RW         4672    .data               cpp_ws.l(locale.o)
    0x10000178   0x00000004   Data   RW         4962    .data               c_w.l(heapauxa.o)
    0x1000017c   0x00000008   Data   RW         4990    .data               cpp_ws.l(rwcats.o)
    0x10000184   0x00000080   Zero   RW          966    .bss                nrk.o
    0x10000204   0x000002bc   Zero   RW          967    .bss                nrk.o
    0x100004c0   0x0000000c   Zero   RW         2004    .bss                basic_rf.o
    0x100004cc   0x00000148   Zero   RW         2289    .bss                bmac.o
    0x10000614   0x000007b0   Zero   RW         2515    .bss                main.o
    0x10000dc4   0x00000040   Zero   RW         3135    .bss                mbed.ar(stdio.cpp.lpc1768.arm.o)
    0x10000e04   0x00000054   Zero   RW         3329    .bss                c_w.l(stdio_streams.o)
    0x10000e58   0x00000054   Zero   RW         3330    .bss                c_w.l(stdio_streams.o)
    0x10000eac   0x00000054   Zero   RW         3331    .bss                c_w.l(stdio_streams.o)
    0x10000f00   0x000000e4   Zero   RW         3349    .bss                c_w.l(rand.o)
    0x10000fe4   0x00000004   Zero   RW         3740    .bss                c_w.l(rt_new_handler_addr.o)
    0x10000fe8   0x00000004   Zero   RW         3745    .bss                c_w.l(rt_ddtor_pointer_addr.o)
    0x10000fec   0x00000004   Zero   RW         3750    .bss                c_w.l(rt_errno_addr.o)
    0x10000ff0   0x00000004   Zero   RW         4213    .bss                c_w.l(rt_heap_descriptor.o)
    0x10000ff4   0x00000014   Zero   RW         4218    .bss                c_w.l(rt_locale.o)
    0x10001008   0x00000004   Zero   RW         4881    .bss                c_w.l(rt_eh_globals_addr.o)


    Execution Region RW_IRAM2 (Base: 0x2007c000, Size: 0x00000000, Max: 0x00004000, ABSOLUTE)

    **** No section assigned to this execution region ****


    Execution Region RW_IRAM3 (Base: 0x20080000, Size: 0x00000000, Max: 0x00004000, ABSOLUTE)

    **** No section assigned to this execution region ****


    Execution Region RW_IRAM4 (Base: 0x40038000, Size: 0x00000000, Max: 0x00000800, ABSOLUTE)

    **** No section assigned to this execution region ****


==============================================================================

Image component sizes


      Code (inc. data)   RO Data    RW Data    ZI Data      Debug   Object Name

      1212        118          0          6         12      21134   basic_rf.o
      1016        110          0         24        328      16422   bmac.o
         0          0          0        196          0          0   cmsis_nvic.o
         0          0          0          0          0      29137   hal_wait.o
       632        114         57         12       1968      15431   main.o
      1092         72          0          4          0      10821   mrf24j40.o
       120         14          0          0          0        364   my_asm.o
       708         38          0         33        828       6493   nrk.o
       404         26          0          0          0      31084   nrk_cpu.o
         0          0          0          0          0       4334   nrk_eeprom.o
        48         18          0          2          0       3035   nrk_error.o
       284         32          0          4          0       3325   nrk_events.o
        32          6          0          0          0        592   nrk_idle_task.o
       660         40          0          8          0       1690   nrk_scheduler.o
         2          0          0          0          0        530   nrk_stack_check.o
       780         82          0          0          0       8456   nrk_task.o
        64          8          0          0          0       2042   nrk_time.o
       382         36          0          2          0      14101   nrk_timer.o
        12          4          0          0          0         60   stackheap.o
        40         12        196          0          0        220   startup_LPC17xx.o
       120         10          0          4          0         60   system_LPC17xx.o
       876         34          0          0          0      12170   ulib.o

    ----------------------------------------------------------------------
      8516        774        285        304       3136     181501   Object Totals
         0          0         32          0          0          0   (incl. Generated)
        32          0          0          9          0          0   (incl. Padding)

    ----------------------------------------------------------------------

      Code (inc. data)   RO Data    RW Data    ZI Data      Debug   Library Member Name

        58          0          0          0          0          0   __dczerorl.o
         8          0          0          0          0         68   __main.o
       392          4         17          0          0         92   __printf_flags_ss_wp.o
        14          0          0          0          0         68   __printf_wp.o
         0          0          0          0          0          0   __rtentry.o
        12          0          0          0          0          0   __rtentry2.o
         6          0          0          0          0          0   __rtentry4.o
        52          8          0          0          0          0   __scatter.o
        28          0          0          0          0          0   __scatter_zi.o
        28          0          0          0          0         68   _chval.o
        60          0          0          0          0         92   _mbrtowc.o
         6          0          0          0          0          0   _printf_a.o
         6          0          0          0          0          0   _printf_c.o
        44          0          0          0          0        108   _printf_char.o
        48          6          0          0          0         96   _printf_char_common.o
        36          4          0          0          0         80   _printf_char_file.o
        40          0          0          0          0         68   _printf_charcount.o
         6          0          0          0          0          0   _printf_d.o
       120         16          0          0          0         92   _printf_dec.o
         6          0          0          0          0          0   _printf_e.o
         6          0          0          0          0          0   _printf_f.o
      1050          0          0          0          0        216   _printf_fp_dec.o
       764          8         38          0          0        100   _printf_fp_hex.o
       128         16          0          0          0         84   _printf_fp_infnan.o
         6          0          0          0          0          0   _printf_g.o
       148          4         40          0          0        160   _printf_hex_int_ll_ptr.o
         6          0          0          0          0          0   _printf_i.o
       178          0          0          0          0         88   _printf_intcommon.o
        10          0          0          0          0          0   _printf_l.o
         6          0          0          0          0          0   _printf_lc.o
        10          0          0          0          0          0   _printf_ll.o
         6          0          0          0          0          0   _printf_lld.o
         6          0          0          0          0          0   _printf_lli.o
         6          0          0          0          0          0   _printf_llo.o
         6          0          0          0          0          0   _printf_llu.o
         6          0          0          0          0          0   _printf_llx.o
       124         16          0          0          0         92   _printf_longlong_dec.o
         6          0          0          0          0          0   _printf_ls.o
         6          0          0          0          0          0   _printf_n.o
         6          0          0          0          0          0   _printf_o.o
       112          8          0          0          0        124   _printf_oct_int_ll.o
         6          0          0          0          0          0   _printf_p.o
        78          0          0          0          0        108   _printf_pad.o
         0          0          0          0          0          0   _printf_percent.o
         4          0          0          0          0          0   _printf_percent_end.o
         6          0          0          0          0          0   _printf_s.o
        82          0          0          0          0         80   _printf_str.o
        36          0          0          0          0         84   _printf_truncate.o
         6          0          0          0          0          0   _printf_u.o
        44          0          0          0          0        108   _printf_wchar.o
       188          6          8          0          0         92   _printf_wctomb.o
         6          0          0          0          0          0   _printf_x.o
        22          0          0          0          0        100   _rserrno.o
       884          6          0          0          0        100   _scanf.o
       332          0          0          0          0         96   _scanf_int.o
       342          0          0          0          0        100   _scanf_longlong.o
       276          0          0          0          0        100   _scanf_mbtowc.o
       224          0          0          0          0         96   _scanf_str.o
        30          0          0          0          0         76   _scanf_wcharmap.o
       232          0          0          0          0        100   _scanf_wctomb.o
       208          0          0          0          0         96   _scanf_wstr.o
        64          0          0          0          0         84   _sgetc.o
        10          0          0          0          0         68   _sputc.o
        64          0          0          0          0         92   _wcrtomb.o
        22          0          0          0          0         80   abort.o
        46          0          0          0          0         84   aeabi_atexit.o
       128         42          0          0          0         76   assert.o
        24          6          0          0          0         80   assert_stdio.o
       220          4        148          0          0         96   bigflt0.o
      2074        132          0          0          0        940   btod.o
        66          0          0          0          0         84   cxa_finalize.o
        48         34          0          0          0         76   defsig_abrt_inner.o
        14          0          0          0          0         80   defsig_abrt_outer.o
        10          0          0          0          0         68   defsig_exit.o
        50          0          0          0          0         88   defsig_general.o
        48         34          0          0          0         76   defsig_pvfn_inner.o
        14          0          0          0          0         80   defsig_pvfn_outer.o
        80         58          0          0          0         76   defsig_rtmem_inner.o
        14          0          0          0          0         80   defsig_rtmem_outer.o
        52         38          0          0          0         76   defsig_rtred_inner.o
        14          0          0          0          0         80   defsig_rtred_outer.o
        76          0          0          0          0         88   fclose.o
         8          0          0          0          0         68   ferror.o
       100          4          0          0          0        120   fflush.o
       470          0          0          0          0         88   flsbuf.o
       236          4          0          0          0        128   fopen.o
        20          0          0          0          0         84   fprintf.o
        26          0          0          0          0         68   fputc.o
        34          0          0          0          0         80   fputs.o
       248          6          0          0          0         84   fseek.o
        66          0          0          0          0         76   ftell.o
        94          0          0          0          0         80   h1_alloc.o
        52          0          0          0          0         68   h1_extend.o
        78          0          0          0          0         80   h1_free.o
        14          0          0          0          0         84   h1_init.o
        80          6          0          4          0         96   heapauxa.o
         4          0          0          0          0        136   hguard.o
         0          0          0          0          0          0   indicate_semi.o
        36         10          0          0          0         80   init_aeabi.o
       138          0          0          0          0        168   init_alloc.o
       312         46          0          0          0        112   initio.o
        18          0          0          0          0         76   isspace.o
        44         10        272          0          0         76   lc_ctype_c.o
        44         10         28          0          0         76   lc_numeric_c.o
         2          0          0          0          0          0   libinit.o
        50          0          0          0          0          0   libinit2.o
         0          0          0          0          0          0   libshutdown2.o
        38          0          0          0          0         68   llshl.o
       138          0          0          0          0         80   lludiv10.o
       238          0          0          0          0        100   lludivv7m.o
         0          0          0          0          0          0   maybetermalloc1.o
       112         18          0          0        228        160   rand.o
        16          4          0          0          0         76   rt_ctype_table.o
         8          4          0          0          4         68   rt_ddtor_pointer_addr.o
         8          4          0          0          4         68   rt_eh_globals_addr.o
         8          4          0          0          4         68   rt_errno_addr.o
         8          4          0          0          4         68   rt_heap_descriptor.o
         8          4          0          0         20         68   rt_locale.o
        78          0          0          0          0         80   rt_memclr_w.o
         8          4          0          0          4         68   rt_new_handler_addr.o
        44          8          0          0          0         84   scanf_char.o
      1188         12          0          0          0        148   scanf_fp.o
       800         14          0          0          0        100   scanf_hexfp.o
       308         16          0          0          0        100   scanf_infnan.o
        20          0          0          0          0         68   setbuf.o
        70          0          0          0          0         80   setvbuf.o
        44          6          0          0          0         84   sprintf.o
        60          8          0          0          0         84   sscanf.o
       240          6          0          0          0        156   stdio.o
         0          0          0         12        252          0   stdio_streams.o
       128          0          0          0          0         68   strcmpv7m.o
        72          0          0          0          0         80   strcpy.o
        62          0          0          0          0         76   strlen.o
       150          0          0          0          0         80   strncmp.o
        12          4          0          0          0         68   sys_exit.o
        14          0          0          0          0         76   sys_wrch.o
         2          0          0          0          0         68   use_no_semi.o
        10          0          0          0          0         68   vfprintf.o
        22          0          0          0          0         76   exit.c.lpc1768.arm.o
        72          0          0          0          0        132   gpio_api.c.lpc1768.arm.o
       424        100          0          0          0        332   pinmap.c.lpc1768.arm.o
        12          0          0          0          0         68   semihost_api.c.lpc1768.arm.o
       644        110        340          0          0        280   serial_api.c.lpc1768.arm.o
       148         16          0          0          0        240   timer_api.c.lpc1768.arm.o
        56         12          0          4          0         80   us_ticker_api.c.lpc1768.arm.o
       120          6          0          0          0         76   utils_api.c.lpc1768.arm.o
        50          0          0          0          0        144   wait_api.c.lpc1768.arm.o
        16          4          4          8          0         68   char.o
        16          4          4         28          0         68   locale.o
         4          0          0          0          0         68   rwalloc.o
        70         14          4          8          0        164   rwcats.o
         4          0          0          0          0         72   arm_bad_typeid_noexceptions.o
        80         12          0          0          0        104   arm_exceptions_globs.o
        60          0          0          0          0        108   arm_exceptions_mem.o
        26          0          0          0          0         76   arm_exceptions_terminate.o
         4          0          0          0          0         68   arm_newhandler_noexceptions.o
         8          0          0          0          0         76   array_del.o
         8          0          0          0          0         76   array_new.o
         8          0          0          0          0         76   delete.o
         0          0        193          0          0          0   lib_rtti_impl.o
        40          6          0          0          0         76   new.o
         6          0          0          0          0         68   pure_virt.o
      1266         42          0          0          0        780   rtti.o
         0          0         21          0          0          0   type_info_dtor.o
        32          0          0          0          0         80   type_info_eq.o
        98          4          0          0          0         92   d2f.o
        16          4          0          0          0         68   dcheck1.o
        24          0          0          0          0         68   dcmpi.o
       120          4          0          0          0         92   deqf.o
       120          4          0          0          0         92   dleqf.o
       156          4          0          0          0         92   dnaninf.o
       108          0          0          0          0         80   drleqf.o
       430          8          0          0          0        168   faddsub_clz.o
        12          4          0          0          0         68   fcheck1.o
       388         76          0          0          0         96   fdiv.o
        54          4          0          0          0         84   ffix.o
        86          0          0          0          0        136   fflt_clz.o
       258          4          0          0          0         84   fmul.o
       140          4          0          0          0         84   fnaninf.o
         0          0          8          0          0          0   fpconst.o
        10          0          0          0          0         68   fretinf.o
         4          0          0          0          0         68   printf1.o
         4          0          0          0          0         68   printf2.o
       100          0          0          0          0         68   retnan.o
        92          0          0          0          0         68   scalbn.o
        76          0          0          0          0         68   scalbnf.o
         4          0          0          0          0         68   scanf1.o
         8          0          0          0          0         84   scanf2.o
        48          0          0          0          0         68   trapv.o
         0          0          0          0          0          0   usenofp.o
        30          6          0          0          0        136   dunder.o
        40          0          0          0          0         68   fpclassify.o
        88          8          0          0          0         76   frexp.o
        20          0          0          0          0        136   funder.o
       138          0          0          0          0        160   ldexp.o
       152          4          0          0          0        168   narrow.o
        84          0          0          0          0         76   scalbnf.o
       312         46        124         20          0        396   Base.cpp.lpc1768.arm.o
         8          0          0          0          0         60   FunctionPointer.cpp.lpc1768.arm.o
        84          6        123          0          0        272   Serial.cpp.lpc1768.arm.o
       222         22        123          0          0        616   Stream.cpp.lpc1768.arm.o
       810         86        160          0         64        620   stdio.cpp.lpc1768.arm.o

    ----------------------------------------------------------------------
     23372       1292       1659         84        584      18144   Library Totals
        56          2          4          0          0          0   (incl. Padding)

    ----------------------------------------------------------------------

      Code (inc. data)   RO Data    RW Data    ZI Data      Debug   Library Name

     15776        666        551         16        520       9972   c_w.l
      1548        244        340          4          0       1428   capi.ar
       106         22         12         44          0        368   cpp_ws.l
      1542         60        214          0          0       1660   cpprt_w.l
      2356        120          8          0          0       1932   fz_ws.l
       552         18          0          0          0        820   m_ws.l
      1436        160        530         20         64       1964   mbed.ar

    ----------------------------------------------------------------------
     23372       1292       1659         84        584      18144   Library Totals

    ----------------------------------------------------------------------

==============================================================================


      Code (inc. data)   RO Data    RW Data    ZI Data      Debug   

     31888       2066       1944        388       3720     182545   Grand Totals
     31888       2066       1944         20       3720     182545   ELF Image Totals (compressed)
     31888       2066       1944         20          0          0   ROM Totals

==============================================================================

    Total RO  Size (Code + RO Data)                33832 (  33.04kB)
    Total RW  Size (RW Data + ZI Data)              4108 (   4.01kB)
    Total ROM Size (Code + RO Data + RW Data)      33852 (  33.06kB)

==============================================================================

